Archive member included to satisfy reference by file (symbol)

../../AFW/sources/external/libopencm3/lib/libopencm3_stm32f0.a(adc.o)
                              bin/sources/hal/adc.o (adc_set_operation_mode)
../../AFW/sources/external/libopencm3/lib/libopencm3_stm32f0.a(adc_common_v2.o)
                              bin/sources/hal/adc.o (adc_eoc)
../../AFW/sources/external/libopencm3/lib/libopencm3_stm32f0.a(exti_common_all.o)
                              bin/sources/hal/exti.o (exti_enable_request)
../../AFW/sources/external/libopencm3/lib/libopencm3_stm32f0.a(flash.o)
                              bin/sources/hal/flash.o (flash_program_half_word)
../../AFW/sources/external/libopencm3/lib/libopencm3_stm32f0.a(flash_common_f.o)
                              bin/sources/hal/flash.o (flash_unlock)
../../AFW/sources/external/libopencm3/lib/libopencm3_stm32f0.a(flash_common_f01.o)
                              ../../AFW/sources/external/libopencm3/lib/libopencm3_stm32f0.a(flash.o) (flash_clear_pgerr_flag)
../../AFW/sources/external/libopencm3/lib/libopencm3_stm32f0.a(gpio_common_all.o)
                              bin/sources/hal/io.o (gpio_set)
../../AFW/sources/external/libopencm3/lib/libopencm3_stm32f0.a(iwdg_common_all.o)
                              bin/sources/hal/wdg.o (iwdg_start)
../../AFW/sources/external/libopencm3/lib/libopencm3_stm32f0.a(i2c_common_v2.o)
                              bin/sources/hal/i2c.o (i2c_reset)
../../AFW/sources/external/libopencm3/lib/libopencm3_stm32f0.a(pwr_common_v1.o)
                              bin/sources/hal/rtc.o (pwr_disable_backup_domain_write_protect)
../../AFW/sources/external/libopencm3/lib/libopencm3_stm32f0.a(rcc.o)
                              bin/sources/hal/rtc.o (rcc_wait_for_osc_ready)
../../AFW/sources/external/libopencm3/lib/libopencm3_stm32f0.a(rcc_common_all.o)
                              bin/sources/hal/io.o (rcc_periph_clock_enable)
../../AFW/sources/external/libopencm3/lib/libopencm3_stm32f0.a(rtc_common_l1f024.o)
                              bin/sources/hal/rtc.o (rtc_set_prescaler)
../../AFW/sources/external/libopencm3/lib/libopencm3_stm32f0.a(spi_common_all.o)
                              bin/sources/hal/spi.o (spi_reset)
../../AFW/sources/external/libopencm3/lib/libopencm3_stm32f0.a(spi_common_v2.o)
                              bin/sources/hal/spi.o (spi_set_data_size)
../../AFW/sources/external/libopencm3/lib/libopencm3_stm32f0.a(usart_common_all.o)
                              bin/sources/hal/uart.o (usart_set_baudrate)
../../AFW/sources/external/libopencm3/lib/libopencm3_stm32f0.a(usart_common_v2.o)
                              ../../AFW/sources/external/libopencm3/lib/libopencm3_stm32f0.a(usart_common_all.o) (usart_send)
../../AFW/sources/external/libopencm3/lib/libopencm3_stm32f0.a(usb.o)
                              bin/sources/hal/usb_msc.o (usbd_init)
../../AFW/sources/external/libopencm3/lib/libopencm3_stm32f0.a(usb_control.o)
                              ../../AFW/sources/external/libopencm3/lib/libopencm3_stm32f0.a(usb.o) (_usbd_control_setup)
../../AFW/sources/external/libopencm3/lib/libopencm3_stm32f0.a(usb_standard.o)
                              ../../AFW/sources/external/libopencm3/lib/libopencm3_stm32f0.a(usb_control.o) (_usbd_standard_request)
../../AFW/sources/external/libopencm3/lib/libopencm3_stm32f0.a(usb_msc.o)
                              bin/sources/hal/usb_msc.o (usb_msc_init)
../../AFW/sources/external/libopencm3/lib/libopencm3_stm32f0.a(st_usbfs_v2.o)
                              bin/sources/hal/usb_msc.o (st_usbfs_v2_usb_driver)
../../AFW/sources/external/libopencm3/lib/libopencm3_stm32f0.a(vector.o)
                              (reset_handler)
../../AFW/sources/external/libopencm3/lib/libopencm3_stm32f0.a(systick.o)
                              bin/sources/hal/systick.o (systick_set_frequency)
../../AFW/sources/external/libopencm3/lib/libopencm3_stm32f0.a(nvic.o)
                              bin/sources/hal/uart.o (nvic_enable_irq)
../../AFW/sources/external/libopencm3/lib/libopencm3_stm32f0.a(assert.o)
                              ../../AFW/sources/external/libopencm3/lib/libopencm3_stm32f0.a(adc.o) (cm3_assert_failed)
../../AFW/sources/external/libopencm3/lib/libopencm3_stm32f0.a(flash_common_all.o)
                              ../../AFW/sources/external/libopencm3/lib/libopencm3_stm32f0.a(rcc.o) (flash_prefetch_enable)
../../AFW/sources/external/libopencm3/lib/libopencm3_stm32f0.a(st_usbfs_core.o)
                              ../../AFW/sources/external/libopencm3/lib/libopencm3_stm32f0.a(st_usbfs_v2.o) (st_usbfs_set_address)
/usr/lib/gcc/arm-none-eabi/9.2.0/../../../../arm-none-eabi/lib/thumb/v6-m/nofp/libc_nano.a(lib_a-ctype_.o)
                              bin/sources/modules/nmea.o (_ctype_)
/usr/lib/gcc/arm-none-eabi/9.2.0/../../../../arm-none-eabi/lib/thumb/v6-m/nofp/libc_nano.a(lib_a-memcpy-stub.o)
                              bin/sources/modules/lora.o (memcpy)
[...]
Memory Configuration

Name             Origin             Length             Attributes
ram              0x0000000020000000 0x0000000000002000 xrw
rom              0x0000000008000000 0x0000000000010000 xr
*default*        0x0000000000000000 0xffffffffffffffff

Linker script and memory map

LOAD /usr/lib/gcc/arm-none-eabi/9.2.0/../../../../arm-none-eabi/lib/thumb/v6-m/nofp/libc_nano.a
LOAD bin/src/main.o
LOAD bin/sources/hal/io.o
LOAD bin/sources/hal/uart.o
LOAD bin/sources/hal/exti.o
LOAD bin/sources/hal/i2c.o
LOAD bin/sources/hal/systick.o
LOAD bin/sources/hal/power.o
LOAD bin/sources/hal/spi.o
LOAD bin/sources/hal/wdg.o
LOAD bin/sources/hal/flash.o
LOAD bin/sources/hal/usb_msc.o
LOAD bin/sources/hal/rtc.o
LOAD bin/sources/hal/adc.o
LOAD bin/sources/modules/nmea.o
LOAD bin/sources/modules/lora.o
LOAD bin/sources/modules/log.o
LOAD bin/sources/utils/time.o
LOAD bin/sources/utils/aes.o
LOAD bin/sources/utils/ringbuf.o
LOAD bin/sources/drivers/ms5607.o
LOAD bin/sources/drivers/rfm.o
LOAD bin/sources/drivers/gps.o
LOAD bin/sources/drivers/si7020.o
LOAD ../../AFW/sources/external/libopencm3/lib/libopencm3_stm32f0.a
START GROUP
LOAD /usr/lib/gcc/arm-none-eabi/9.2.0/../../../../arm-none-eabi/lib/thumb/v6-m/nofp/libc_nano.a
LOAD /usr/lib/gcc/arm-none-eabi/9.2.0/thumb/v6-m/nofp/libgcc.a
LOAD /usr/lib/gcc/arm-none-eabi/9.2.0/../../../../arm-none-eabi/lib/thumb/v6-m/nofp/libnosys.a
END GROUP
START GROUP
LOAD /usr/lib/gcc/arm-none-eabi/9.2.0/thumb/v6-m/nofp/libgcc.a
LOAD /usr/lib/gcc/arm-none-eabi/9.2.0/../../../../arm-none-eabi/lib/thumb/v6-m/nofp/libc_nano.a
END GROUP
START GROUP
LOAD /usr/lib/gcc/arm-none-eabi/9.2.0/thumb/v6-m/nofp/libgcc.a
LOAD /usr/lib/gcc/arm-none-eabi/9.2.0/../../../../arm-none-eabi/lib/thumb/v6-m/nofp/libc_nano.a
END GROUP

.text           0x0000000008000000     0x7960
 *(.vectors)
 .vectors       0x0000000008000000       0xc0 ../../AFW/sources/external/libopencm3/lib/libopencm3_stm32f0.a(vector.o)
                0x0000000008000000                vector_table
 *(.text*)
 .text.App_GpsPower
                0x00000000080000c0       0x3c bin/src/main.o
 .text.App_LatchDisable
                0x00000000080000fc       0x38 bin/src/main.o
 .text.App_SetRegion
                0x0000000008000134       0xd6 bin/src/main.o
 .text.App_SaveTxCounter
                0x000000000800020a       0x6e bin/src/main.o
 .text.App_LoadTxCounter
                0x0000000008000278       0x46 bin/src/main.o
 *fill*         0x00000000080002be        0x2 
 .text.App_Loop
                0x00000000080002c0      0x40c bin/src/main.o
 .text.main     0x00000000080006cc      0x1b0 bin/src/main.o
                0x00000000080006cc                main
 .text.IOdi_GpioInit
                0x000000000800087c       0x4c bin/sources/hal/io.o
 .text.IOd_SetLine
                0x00000000080008c8       0x56 bin/sources/hal/io.o
                0x00000000080008c8                IOd_SetLine
 .text.IOd_GetLine
                0x000000000800091e       0x34 bin/sources/hal/io.o
                0x000000000800091e                IOd_GetLine
 *fill*         0x0000000008000952        0x2 
 .text.IOd_Init
                0x0000000008000954      0x10c bin/sources/hal/io.o
                0x0000000008000954                IOd_Init
 .text.UARTdi_IRQHandler
                0x0000000008000a60       0x68 bin/sources/hal/uart.o
 .text.usart1_isr
                0x0000000008000ac8       0x18 bin/sources/hal/uart.o
                0x0000000008000ac8                usart1_isr
 .text.usart2_isr
                0x0000000008000ae0       0x18 bin/sources/hal/uart.o
                0x0000000008000ae0                usart2_isr
 .text.usart3_4_isr
                0x0000000008000af8       0x44 bin/sources/hal/uart.o
                0x0000000008000af8                usart3_4_isr
 .text.UARTdi_GetDevice
                0x0000000008000b3c       0x4c bin/sources/hal/uart.o
 .text.UARTdi_GetRcc
                0x0000000008000b88       0x4c bin/sources/hal/uart.o
 .text.UARTdi_GetIRQ
                0x0000000008000bd4       0x48 bin/sources/hal/uart.o
 .text.UARTd_Puts
                0x0000000008000c1c       0x44 bin/sources/hal/uart.o
                0x0000000008000c1c                UARTd_Puts
 .text.UARTd_Putc
                0x0000000008000c60       0x38 bin/sources/hal/uart.o
                0x0000000008000c60                UARTd_Putc
 .text.UARTd_SetRxCallback
                0x0000000008000c98       0x50 bin/sources/hal/uart.o
                0x0000000008000c98                UARTd_SetRxCallback
 .text.UARTd_Init
                0x0000000008000ce8       0xaa bin/sources/hal/uart.o
                0x0000000008000ce8                UARTd_Init
 .text.exti0_1_isr
                0x0000000008000d92       0x2a bin/sources/hal/exti.o
                0x0000000008000d92                exti0_1_isr
 .text.exti2_3_isr
                0x0000000008000dbc       0x2a bin/sources/hal/exti.o
                0x0000000008000dbc                exti2_3_isr
 .text.exti4_15_isr
                0x0000000008000de6       0x48 bin/sources/hal/exti.o
                0x0000000008000de6                exti4_15_isr
 *fill*         0x0000000008000e2e        0x2 
 .text.EXTIdi_Int
                0x0000000008000e30       0x3c bin/sources/hal/exti.o
 .text.EXTId_Enable
                0x0000000008000e6c      0x10c bin/sources/hal/exti.o
                0x0000000008000e6c                EXTId_Enable
 .text.I2Cdi_GetDevice
                0x0000000008000f78       0x4c bin/sources/hal/i2c.o
 .text.I2Cdi_GetRcc
                0x0000000008000fc4       0x4c bin/sources/hal/i2c.o
 .text.I2Cdi_Restart
                0x0000000008001010       0x2a bin/sources/hal/i2c.o
 .text.I2Cdi_WaitFlag
                0x000000000800103a       0x7a bin/sources/hal/i2c.o
 .text.I2Cd_Transceive
                0x00000000080010b4      0x180 bin/sources/hal/i2c.o
                0x00000000080010b4                I2Cd_Transceive
 .text.I2Cd_Init
                0x0000000008001234      0x114 bin/sources/hal/i2c.o
                0x0000000008001234                I2Cd_Init
 .text.sys_tick_handler
                0x0000000008001348       0x1c bin/sources/hal/systick.o
                0x0000000008001348                sys_tick_handler
 .text.Systickd_SetCallback
                0x0000000008001364       0x1c bin/sources/hal/systick.o
                0x0000000008001364                Systickd_SetCallback
 .text.Systickd_Init
                0x0000000008001380       0x50 bin/sources/hal/systick.o
                0x0000000008001380                Systickd_Init
 .text.Powerd_Off
                0x00000000080013d0       0x30 bin/sources/hal/power.o
                0x00000000080013d0                Powerd_Off
 .text.Powerd_Reboot
                0x0000000008001400       0x1c bin/sources/hal/power.o
                0x0000000008001400                Powerd_Reboot
 .text.SPIdi_GetDevice
                0x000000000800141c       0x4c bin/sources/hal/spi.o
 .text.SPIdi_GetRcc
                0x0000000008001468       0x4c bin/sources/hal/spi.o
 .text.SPId_Xfer8
                0x00000000080014b4       0x38 bin/sources/hal/spi.o
 .text.SPId_Send
                0x00000000080014ec       0x48 bin/sources/hal/spi.o
                0x00000000080014ec                SPId_Send
 .text.SPId_Receive
                0x0000000008001534       0x4a bin/sources/hal/spi.o
                0x0000000008001534                SPId_Receive
 .text.SPId_Init
                0x000000000800157e      0x11e bin/sources/hal/spi.o
                0x000000000800157e                SPId_Init
 .text.Flashd_WriteEnable
                0x000000000800169c        0xe bin/sources/hal/flash.o
                0x000000000800169c                Flashd_WriteEnable
 .text.Flashd_WriteDisable
                0x00000000080016aa        0xe bin/sources/hal/flash.o
                0x00000000080016aa                Flashd_WriteDisable
 .text.Flashd_ErasePage
                0x00000000080016b8       0x18 bin/sources/hal/flash.o
                0x00000000080016b8                Flashd_ErasePage
 .text.Flashd_Write
                0x00000000080016d0       0x5c bin/sources/hal/flash.o
                0x00000000080016d0                Flashd_Write
 .text.rtc_isr  0x000000000800172c       0xb4 bin/sources/hal/rtc.o
                0x000000000800172c                rtc_isr
 .text.RTCdi_EnterConfig
                0x00000000080017e0       0x2c bin/sources/hal/rtc.o
 .text.RTCdi_LeaveConfig
                0x000000000800180c       0x20 bin/sources/hal/rtc.o
 .text.RTCd_GetTime
                0x000000000800182c      0x178 bin/sources/hal/rtc.o
                0x000000000800182c                RTCd_GetTime
 .text.RTCd_SetAlarm
                0x00000000080019a4       0xfc bin/sources/hal/rtc.o
                0x00000000080019a4                RTCd_SetAlarm
 .text.RTCd_Init
                0x0000000008001aa0      0x100 bin/sources/hal/rtc.o
                0x0000000008001aa0                RTCd_Init
 .text.Adcdi_ReadRaw
                0x0000000008001ba0       0x50 bin/sources/hal/adc.o
 .text.Adcd_ReadMv
                0x0000000008001bf0       0x3c bin/sources/hal/adc.o
                0x0000000008001bf0                Adcd_ReadMv
 .text.Adcd_ReadVccMv
                0x0000000008001c2c       0x3c bin/sources/hal/adc.o
                0x0000000008001c2c                Adcd_ReadVccMv
 .text.Adcd_ReadTempDegC
                0x0000000008001c68       0x70 bin/sources/hal/adc.o
                0x0000000008001c68                Adcd_ReadTempDegC
 .text.Adcd_UpdateVdda
                0x0000000008001cd8       0x1c bin/sources/hal/adc.o
                0x0000000008001cd8                Adcd_UpdateVdda
 .text.Adcd_Sleep
                0x0000000008001cf4       0x20 bin/sources/hal/adc.o
                0x0000000008001cf4                Adcd_Sleep
 .text.Adcd_Init
                0x0000000008001d14       0x9c bin/sources/hal/adc.o
                0x0000000008001d14                Adcd_Init
 .text.Nmeai_Hex2Dec
                0x0000000008001db0       0x50 bin/sources/modules/nmea.o
 .text.Nmeai_Str2Dec
                0x0000000008001e00       0x68 bin/sources/modules/nmea.o
 .text.Nmeai_Float2DecDeg
                0x0000000008001e68       0x64 bin/sources/modules/nmea.o
 .text.Nmeai_ScanHelper
                0x0000000008001ecc      0x4c4 bin/sources/modules/nmea.o
 .text.Nmeai_Scan
                0x0000000008002390       0xb4 bin/sources/modules/nmea.o
 .text.Nmea_VerifyChecksum
                0x0000000008002444       0x92 bin/sources/modules/nmea.o
                0x0000000008002444                Nmea_VerifyChecksum
 .text.Nmea_VerifyMessage
                0x00000000080024d6       0x98 bin/sources/modules/nmea.o
                0x00000000080024d6                Nmea_VerifyMessage
 *fill*         0x000000000800256e        0x2 
 .text.Nmea_ParseRmc
                0x0000000008002570      0x208 bin/sources/modules/nmea.o
                0x0000000008002570                Nmea_ParseRmc
 .text.Nmea_ParseGga
                0x0000000008002778      0x10c bin/sources/modules/nmea.o
                0x0000000008002778                Nmea_ParseGga
 .text.Nmea_GetSentenceType
                0x0000000008002884       0x48 bin/sources/modules/nmea.o
                0x0000000008002884                Nmea_GetSentenceType
 .text.Nmea_AddChar
                0x00000000080028cc       0x80 bin/sources/modules/nmea.o
                0x00000000080028cc                Nmea_AddChar
 .text.Lorai_PayloadEncrypt
                0x000000000800294c      0x188 bin/sources/modules/lora.o
 .text.Lorai_GetMIC
                0x0000000008002ad4      0x278 bin/sources/modules/lora.o
 .text.Lora_Send
                0x0000000008002d4c      0x11c bin/sources/modules/lora.o
                0x0000000008002d4c                Lora_Send
 .text.Lora_ResetFrameCounters
                0x0000000008002e68       0x14 bin/sources/modules/lora.o
                0x0000000008002e68                Lora_ResetFrameCounters
 .text.Lora_SetCounters
                0x0000000008002e7c       0x1c bin/sources/modules/lora.o
                0x0000000008002e7c                Lora_SetCounters
 .text.Lora_InitAbp
                0x0000000008002e98       0x44 bin/sources/modules/lora.o
                0x0000000008002e98                Lora_InitAbp
 .text.Logi_Uitoa
                0x0000000008002edc       0xc8 bin/sources/modules/log.o
 .text.Logi_Printf
                0x0000000008002fa4      0x140 bin/sources/modules/log.o
 .text.Log_SetLevel
                0x00000000080030e4       0x20 bin/sources/modules/log.o
                0x00000000080030e4                Log_SetLevel
 .text.Log_Raw  0x0000000008003104      0x144 bin/sources/modules/log.o
                0x0000000008003104                Log_Raw
 .text.Timei_Systick
                0x0000000008003248       0x18 bin/sources/utils/time.o
 .text.millis   0x0000000008003260       0x14 bin/sources/utils/time.o
                0x0000000008003260                millis
 .text.delay_ms
                0x0000000008003274       0x2c bin/sources/utils/time.o
                0x0000000008003274                delay_ms
 .text.Time_Init
                0x00000000080032a0       0x1c bin/sources/utils/time.o
                0x00000000080032a0                Time_Init
 .text.AESi_Mul2
                0x00000000080032bc       0x40 bin/sources/utils/aes.o
 .text.AESi_AddRoundKey
                0x00000000080032fc       0x3a bin/sources/utils/aes.o
 *fill*         0x0000000008003336        0x2 
 .text.AESi_SubBytes
                0x0000000008003338       0x3c bin/sources/utils/aes.o
 .text.AESi_ShiftRows
                0x0000000008003374       0xaa bin/sources/utils/aes.o
 *fill*         0x000000000800341e        0x2 
 .text.AESi_MixColumns
                0x0000000008003420      0x140 bin/sources/utils/aes.o
 .text.AESi_GenRoundKey
                0x0000000008003560       0xfc bin/sources/utils/aes.o
 .text.AESi_ShiftKeyLeft
                0x000000000800365c       0x80 bin/sources/utils/aes.o
 .text.AES128_Encrypt
                0x00000000080036dc       0xd2 bin/sources/utils/aes.o
                0x00000000080036dc                AES128_Encrypt
 .text.AES128_CMACGetKeys
                0x00000000080037ae       0xa0 bin/sources/utils/aes.o
                0x00000000080037ae                AES128_CMACGetKeys
 .text.Ring_Push
                0x000000000800384e       0x5c bin/sources/utils/ringbuf.o
                0x000000000800384e                Ring_Push
 .text.Ring_Pop
                0x00000000080038aa       0x5c bin/sources/utils/ringbuf.o
                0x00000000080038aa                Ring_Pop
 .text.Ring_Full
                0x0000000008003906       0x46 bin/sources/utils/ringbuf.o
                0x0000000008003906                Ring_Full
 .text.Ring_Empty
                0x000000000800394c       0x24 bin/sources/utils/ringbuf.o
                0x000000000800394c                Ring_Empty
 .text.Ring_Init
                0x0000000008003970       0x32 bin/sources/utils/ringbuf.o
                0x0000000008003970                Ring_Init
 .text.MS5607i_Cmd
                0x00000000080039a2       0x2a bin/sources/drivers/ms5607.o
 .text.MS5607i_Crc
                0x00000000080039cc      0x10c bin/sources/drivers/ms5607.o
 .text.MS5607i_ReadAdc
                0x0000000008003ad8       0x5c bin/sources/drivers/ms5607.o
 .text.MS5607i_ReadProm
                0x0000000008003b34       0x72 bin/sources/drivers/ms5607.o
 *fill*         0x0000000008003ba6        0x2 
 .text.MS5607_Read
                0x0000000008003ba8      0x738 bin/sources/drivers/ms5607.o
                0x0000000008003ba8                MS5607_Read
 .text.MS5607_Init
                0x00000000080042e0       0xbc bin/sources/drivers/ms5607.o
                0x00000000080042e0                MS5607_Init
 .text.RFMi_WriteReg
                0x000000000800439c       0x5c bin/sources/drivers/rfm.o
 .text.RFMi_ReadReg
                0x00000000080043f8       0x5c bin/sources/drivers/rfm.o
 .text.RFMi_WriteFifo
                0x0000000008004454       0x60 bin/sources/drivers/rfm.o
 .text.RFM_SetPowerDBm
                0x00000000080044b4       0xac bin/sources/drivers/rfm.o
                0x00000000080044b4                RFM_SetPowerDBm
 .text.RFM_SetLoraParams
                0x0000000008004560       0xd4 bin/sources/drivers/rfm.o
                0x0000000008004560                RFM_SetLoraParams
 .text.RFM_SetLoraRegion
                0x0000000008004634       0x6c bin/sources/drivers/rfm.o
                0x0000000008004634                RFM_SetLoraRegion
 .text.RFM_LoraSend
                0x00000000080046a0       0xdc bin/sources/drivers/rfm.o
                0x00000000080046a0                RFM_LoraSend
 .text.RFM_LoraInit
                0x000000000800477c       0xb8 bin/sources/drivers/rfm.o
                0x000000000800477c                RFM_LoraInit
 .text.Gpsi_RxCb
                0x0000000008004834       0x28 bin/sources/drivers/gps.o
 .text.Gpsi_NmeaF2Dec
                0x000000000800485c       0x4e bin/sources/drivers/gps.o
 .text.Gpsi_Nmea2Timestamp
                0x00000000080048aa       0x7c bin/sources/drivers/gps.o
 .text.Gpsi_ProcessRmc
                0x0000000008004926       0x8e bin/sources/drivers/gps.o
 .text.Gpsi_ProcessGga
                0x00000000080049b4       0x88 bin/sources/drivers/gps.o
 .text.Gps_Get  0x0000000008004a3c       0x20 bin/sources/drivers/gps.o
                0x0000000008004a3c                Gps_Get
 .text.Gps_Loop
                0x0000000008004a5c       0xec bin/sources/drivers/gps.o
                0x0000000008004a5c                Gps_Loop
 .text.Gps_Init
                0x0000000008004b48       0x2c bin/sources/drivers/gps.o
                0x0000000008004b48                Gps_Init
 .text.adc_set_operation_mode
                0x0000000008004b74       0x44 ../../AFW/sources/external/libopencm3/lib/libopencm3_stm32f0.a(adc.o)
                0x0000000008004b74                adc_set_operation_mode
 .text.adc_disable_external_trigger_regular
                0x0000000008004bb8       0x10 ../../AFW/sources/external/libopencm3/lib/libopencm3_stm32f0.a(adc.o)
                0x0000000008004bb8                adc_disable_external_trigger_regular
 .text.adc_set_clk_source
                0x0000000008004bc8        0xc ../../AFW/sources/external/libopencm3/lib/libopencm3_stm32f0.a(adc.o)
                0x0000000008004bc8                adc_set_clk_source
 .text.adc_set_regular_sequence
                0x0000000008004bd4       0x6a ../../AFW/sources/external/libopencm3/lib/libopencm3_stm32f0.a(adc.o)
                0x0000000008004bd4                adc_set_regular_sequence
 .text.adc_set_sample_time_on_all_channels
                0x0000000008004c3e        0x8 ../../AFW/sources/external/libopencm3/lib/libopencm3_stm32f0.a(adc.o)
                0x0000000008004c3e                adc_set_sample_time_on_all_channels
 *fill*         0x0000000008004c46        0x2 
 .text.adc_disable_analog_watchdog
                0x0000000008004c48       0x10 ../../AFW/sources/external/libopencm3/lib/libopencm3_stm32f0.a(adc.o)
                0x0000000008004c48                adc_disable_analog_watchdog
 .text.adc_eoc  0x0000000008004c58        0x8 ../../AFW/sources/external/libopencm3/lib/libopencm3_stm32f0.a(adc_common_v2.o)
                0x0000000008004c58                adc_eoc
 .text.adc_power_on_async
                0x0000000008004c60        0xa ../../AFW/sources/external/libopencm3/lib/libopencm3_stm32f0.a(adc_common_v2.o)
                0x0000000008004c60                adc_power_on_async
 .text.adc_power_on
                0x0000000008004c6a       0x12 ../../AFW/sources/external/libopencm3/lib/libopencm3_stm32f0.a(adc_common_v2.o)
                0x0000000008004c6a                adc_power_on
 .text.adc_is_power_off
                0x0000000008004c7c        0x8 ../../AFW/sources/external/libopencm3/lib/libopencm3_stm32f0.a(adc_common_v2.o)
                0x0000000008004c7c                adc_is_power_off
 .text.adc_power_off_async
                0x0000000008004c84       0x30 ../../AFW/sources/external/libopencm3/lib/libopencm3_stm32f0.a(adc_common_v2.o)
                0x0000000008004c84                adc_power_off_async
 .text.adc_power_off
                0x0000000008004cb4       0x14 ../../AFW/sources/external/libopencm3/lib/libopencm3_stm32f0.a(adc_common_v2.o)
                0x0000000008004cb4                adc_power_off
 .text.adc_calibrate_async
                0x0000000008004cc8        0xc ../../AFW/sources/external/libopencm3/lib/libopencm3_stm32f0.a(adc_common_v2.o)
                0x0000000008004cc8                adc_calibrate_async
 .text.adc_calibrate
                0x0000000008004cd4       0x10 ../../AFW/sources/external/libopencm3/lib/libopencm3_stm32f0.a(adc_common_v2.o)
                0x0000000008004cd4                adc_calibrate
 .text.adc_set_resolution
                0x0000000008004ce4        0xc ../../AFW/sources/external/libopencm3/lib/libopencm3_stm32f0.a(adc_common_v2.o)
                0x0000000008004ce4                adc_set_resolution
 .text.adc_set_right_aligned
                0x0000000008004cf0        0xa ../../AFW/sources/external/libopencm3/lib/libopencm3_stm32f0.a(adc_common_v2.o)
                0x0000000008004cf0                adc_set_right_aligned
 .text.adc_read_regular
                0x0000000008004cfa        0x4 ../../AFW/sources/external/libopencm3/lib/libopencm3_stm32f0.a(adc_common_v2.o)
                0x0000000008004cfa                adc_read_regular
 *fill*         0x0000000008004cfe        0x2 
 .text.adc_enable_temperature_sensor
                0x0000000008004d00       0x14 ../../AFW/sources/external/libopencm3/lib/libopencm3_stm32f0.a(adc_common_v2.o)
                0x0000000008004d00                adc_enable_temperature_sensor
 .text.adc_disable_temperature_sensor
                0x0000000008004d14       0x14 ../../AFW/sources/external/libopencm3/lib/libopencm3_stm32f0.a(adc_common_v2.o)
                0x0000000008004d14                adc_disable_temperature_sensor
 .text.adc_enable_vrefint
                0x0000000008004d28       0x14 ../../AFW/sources/external/libopencm3/lib/libopencm3_stm32f0.a(adc_common_v2.o)
                0x0000000008004d28                adc_enable_vrefint
 .text.adc_disable_vrefint
                0x0000000008004d3c       0x14 ../../AFW/sources/external/libopencm3/lib/libopencm3_stm32f0.a(adc_common_v2.o)
                0x0000000008004d3c                adc_disable_vrefint
 .text.adc_start_conversion_regular
                0x0000000008004d50        0xa ../../AFW/sources/external/libopencm3/lib/libopencm3_stm32f0.a(adc_common_v2.o)
                0x0000000008004d50                adc_start_conversion_regular
 *fill*         0x0000000008004d5a        0x2 
 .text.exti_enable_request
                0x0000000008004d5c       0x1c ../../AFW/sources/external/libopencm3/lib/libopencm3_stm32f0.a(exti_common_all.o)
                0x0000000008004d5c                exti_enable_request
 .text.exti_disable_request
                0x0000000008004d78       0x1c ../../AFW/sources/external/libopencm3/lib/libopencm3_stm32f0.a(exti_common_all.o)
                0x0000000008004d78                exti_disable_request
 .text.exti_reset_request
                0x0000000008004d94        0xc ../../AFW/sources/external/libopencm3/lib/libopencm3_stm32f0.a(exti_common_all.o)
                0x0000000008004d94                exti_reset_request
 .text.exti_get_flag_status
                0x0000000008004da0        0xc ../../AFW/sources/external/libopencm3/lib/libopencm3_stm32f0.a(exti_common_all.o)
                0x0000000008004da0                exti_get_flag_status
 .text.flash_get_status_flags
                0x0000000008004dac       0x10 ../../AFW/sources/external/libopencm3/lib/libopencm3_stm32f0.a(flash.o)
                0x0000000008004dac                flash_get_status_flags
 .text.flash_program_half_word
                0x0000000008004dbc       0x28 ../../AFW/sources/external/libopencm3/lib/libopencm3_stm32f0.a(flash.o)
                0x0000000008004dbc                flash_program_half_word
 .text.flash_erase_page
                0x0000000008004de4       0x34 ../../AFW/sources/external/libopencm3/lib/libopencm3_stm32f0.a(flash.o)
                0x0000000008004de4                flash_erase_page
 .text.flash_unlock
                0x0000000008004e18       0x18 ../../AFW/sources/external/libopencm3/lib/libopencm3_stm32f0.a(flash_common_f.o)
                0x0000000008004e18                flash_unlock
 .text.flash_lock
                0x0000000008004e30       0x10 ../../AFW/sources/external/libopencm3/lib/libopencm3_stm32f0.a(flash_common_f.o)
                0x0000000008004e30                flash_lock
 .text.flash_wait_for_last_operation
                0x0000000008004e40        0xe ../../AFW/sources/external/libopencm3/lib/libopencm3_stm32f0.a(flash_common_f01.o)
                0x0000000008004e40                flash_wait_for_last_operation
 .text.gpio_set
                0x0000000008004e4e        0x4 ../../AFW/sources/external/libopencm3/lib/libopencm3_stm32f0.a(gpio_common_all.o)
                0x0000000008004e4e                gpio_set
 .text.gpio_clear
                0x0000000008004e52        0x6 ../../AFW/sources/external/libopencm3/lib/libopencm3_stm32f0.a(gpio_common_all.o)
                0x0000000008004e52                gpio_clear
 .text.gpio_get
                0x0000000008004e58        0x6 ../../AFW/sources/external/libopencm3/lib/libopencm3_stm32f0.a(gpio_common_all.o)
                0x0000000008004e58                gpio_get
 *fill*         0x0000000008004e5e        0x2 
 .text.i2c_reset
                0x0000000008004e60       0x2c ../../AFW/sources/external/libopencm3/lib/libopencm3_stm32f0.a(i2c_common_v2.o)
                0x0000000008004e60                i2c_reset
 .text.i2c_peripheral_enable
                0x0000000008004e8c        0xa ../../AFW/sources/external/libopencm3/lib/libopencm3_stm32f0.a(i2c_common_v2.o)
                0x0000000008004e8c                i2c_peripheral_enable
 .text.i2c_peripheral_disable
                0x0000000008004e96        0xa ../../AFW/sources/external/libopencm3/lib/libopencm3_stm32f0.a(i2c_common_v2.o)
                0x0000000008004e96                i2c_peripheral_disable
 .text.i2c_send_start
                0x0000000008004ea0        0xc ../../AFW/sources/external/libopencm3/lib/libopencm3_stm32f0.a(i2c_common_v2.o)
                0x0000000008004ea0                i2c_send_start
 .text.i2c_send_data
                0x0000000008004eac        0x4 ../../AFW/sources/external/libopencm3/lib/libopencm3_stm32f0.a(i2c_common_v2.o)
                0x0000000008004eac                i2c_send_data
 .text.i2c_get_data
                0x0000000008004eb0        0x6 ../../AFW/sources/external/libopencm3/lib/libopencm3_stm32f0.a(i2c_common_v2.o)
                0x0000000008004eb0                i2c_get_data
 *fill*         0x0000000008004eb6        0x2 
 .text.i2c_enable_analog_filter
                0x0000000008004eb8       0x10 ../../AFW/sources/external/libopencm3/lib/libopencm3_stm32f0.a(i2c_common_v2.o)
                0x0000000008004eb8                i2c_enable_analog_filter
 .text.i2c_set_digital_filter
                0x0000000008004ec8       0x14 ../../AFW/sources/external/libopencm3/lib/libopencm3_stm32f0.a(i2c_common_v2.o)
                0x0000000008004ec8                i2c_set_digital_filter
 .text.i2c_set_prescaler
                0x0000000008004edc        0xe ../../AFW/sources/external/libopencm3/lib/libopencm3_stm32f0.a(i2c_common_v2.o)
                0x0000000008004edc                i2c_set_prescaler
 *fill*         0x0000000008004eea        0x2 
 .text.i2c_set_data_setup_time
                0x0000000008004eec       0x14 ../../AFW/sources/external/libopencm3/lib/libopencm3_stm32f0.a(i2c_common_v2.o)
                0x0000000008004eec                i2c_set_data_setup_time
 .text.i2c_set_data_hold_time
                0x0000000008004f00       0x14 ../../AFW/sources/external/libopencm3/lib/libopencm3_stm32f0.a(i2c_common_v2.o)
                0x0000000008004f00                i2c_set_data_hold_time
 .text.i2c_set_scl_high_period
                0x0000000008004f14       0x14 ../../AFW/sources/external/libopencm3/lib/libopencm3_stm32f0.a(i2c_common_v2.o)
                0x0000000008004f14                i2c_set_scl_high_period
 .text.i2c_set_scl_low_period
                0x0000000008004f28        0xc ../../AFW/sources/external/libopencm3/lib/libopencm3_stm32f0.a(i2c_common_v2.o)
                0x0000000008004f28                i2c_set_scl_low_period
 .text.i2c_enable_stretching
                0x0000000008004f34       0x10 ../../AFW/sources/external/libopencm3/lib/libopencm3_stm32f0.a(i2c_common_v2.o)
                0x0000000008004f34                i2c_enable_stretching
 .text.i2c_set_7bit_addr_mode
                0x0000000008004f44       0x10 ../../AFW/sources/external/libopencm3/lib/libopencm3_stm32f0.a(i2c_common_v2.o)
                0x0000000008004f44                i2c_set_7bit_addr_mode
 .text.i2c_set_7bit_address
                0x0000000008004f54       0x12 ../../AFW/sources/external/libopencm3/lib/libopencm3_stm32f0.a(i2c_common_v2.o)
                0x0000000008004f54                i2c_set_7bit_address
 *fill*         0x0000000008004f66        0x2 
 .text.i2c_set_write_transfer_dir
                0x0000000008004f68       0x10 ../../AFW/sources/external/libopencm3/lib/libopencm3_stm32f0.a(i2c_common_v2.o)
                0x0000000008004f68                i2c_set_write_transfer_dir
 .text.i2c_set_read_transfer_dir
                0x0000000008004f78        0xc ../../AFW/sources/external/libopencm3/lib/libopencm3_stm32f0.a(i2c_common_v2.o)
                0x0000000008004f78                i2c_set_read_transfer_dir
 .text.i2c_set_bytes_to_transfer
                0x0000000008004f84       0x14 ../../AFW/sources/external/libopencm3/lib/libopencm3_stm32f0.a(i2c_common_v2.o)
                0x0000000008004f84                i2c_set_bytes_to_transfer
 .text.i2c_enable_autoend
                0x0000000008004f98        0xc ../../AFW/sources/external/libopencm3/lib/libopencm3_stm32f0.a(i2c_common_v2.o)
                0x0000000008004f98                i2c_enable_autoend
 .text.i2c_disable_autoend
                0x0000000008004fa4       0x10 ../../AFW/sources/external/libopencm3/lib/libopencm3_stm32f0.a(i2c_common_v2.o)
                0x0000000008004fa4                i2c_disable_autoend
 .text.i2c_nack
                0x0000000008004fb4        0x8 ../../AFW/sources/external/libopencm3/lib/libopencm3_stm32f0.a(i2c_common_v2.o)
                0x0000000008004fb4                i2c_nack
 .text.i2c_busy
                0x0000000008004fbc        0x8 ../../AFW/sources/external/libopencm3/lib/libopencm3_stm32f0.a(i2c_common_v2.o)
                0x0000000008004fbc                i2c_busy
 .text.i2c_set_speed
                0x0000000008004fc4       0x5e ../../AFW/sources/external/libopencm3/lib/libopencm3_stm32f0.a(i2c_common_v2.o)
                0x0000000008004fc4                i2c_set_speed
 *fill*         0x0000000008005022        0x2 
 .text.pwr_disable_backup_domain_write_protect
                0x0000000008005024       0x14 ../../AFW/sources/external/libopencm3/lib/libopencm3_stm32f0.a(pwr_common_v1.o)
                0x0000000008005024                pwr_disable_backup_domain_write_protect
 .text.rcc_is_osc_ready
                0x0000000008005038       0x54 ../../AFW/sources/external/libopencm3/lib/libopencm3_stm32f0.a(rcc.o)
                0x0000000008005038                rcc_is_osc_ready
 .text.rcc_wait_for_osc_ready
                0x000000000800508c       0x10 ../../AFW/sources/external/libopencm3/lib/libopencm3_stm32f0.a(rcc.o)
                0x000000000800508c                rcc_wait_for_osc_ready
 .text.rcc_osc_on
                0x000000000800509c       0x54 ../../AFW/sources/external/libopencm3/lib/libopencm3_stm32f0.a(rcc.o)
                0x000000000800509c                rcc_osc_on
 .text.rcc_set_rtc_clock_source
                0x00000000080050f0       0x44 ../../AFW/sources/external/libopencm3/lib/libopencm3_stm32f0.a(rcc.o)
                0x00000000080050f0                rcc_set_rtc_clock_source
 .text.rcc_set_i2c_clock_hsi
                0x0000000008005134       0x1c ../../AFW/sources/external/libopencm3/lib/libopencm3_stm32f0.a(rcc.o)
                0x0000000008005134                rcc_set_i2c_clock_hsi
 .text.rcc_set_i2c_clock_sysclk
                0x0000000008005150       0x1c ../../AFW/sources/external/libopencm3/lib/libopencm3_stm32f0.a(rcc.o)
                0x0000000008005150                rcc_set_i2c_clock_sysclk
 .text.rcc_periph_clock_enable
                0x000000000800516c       0x1c ../../AFW/sources/external/libopencm3/lib/libopencm3_stm32f0.a(rcc_common_all.o)
                0x000000000800516c                rcc_periph_clock_enable
 .text.rcc_periph_reset_pulse
                0x0000000008005188       0x20 ../../AFW/sources/external/libopencm3/lib/libopencm3_stm32f0.a(rcc_common_all.o)
                0x0000000008005188                rcc_periph_reset_pulse
 .text.rtc_set_prescaler
                0x00000000080051a8       0x18 ../../AFW/sources/external/libopencm3/lib/libopencm3_stm32f0.a(rtc_common_l1f024.o)
                0x00000000080051a8                rtc_set_prescaler
 .text.rtc_wait_for_synchro
                0x00000000080051c0       0x28 ../../AFW/sources/external/libopencm3/lib/libopencm3_stm32f0.a(rtc_common_l1f024.o)
                0x00000000080051c0                rtc_wait_for_synchro
 .text.rtc_unlock
                0x00000000080051e8       0x10 ../../AFW/sources/external/libopencm3/lib/libopencm3_stm32f0.a(rtc_common_l1f024.o)
                0x00000000080051e8                rtc_unlock
 .text.rtc_lock
                0x00000000080051f8        0xc ../../AFW/sources/external/libopencm3/lib/libopencm3_stm32f0.a(rtc_common_l1f024.o)
                0x00000000080051f8                rtc_lock
 .text.spi_reset
                0x0000000008005204       0x28 ../../AFW/sources/external/libopencm3/lib/libopencm3_stm32f0.a(spi_common_all.o)
                0x0000000008005204                spi_reset
 .text.spi_enable
                0x000000000800522c        0xa ../../AFW/sources/external/libopencm3/lib/libopencm3_stm32f0.a(spi_common_all.o)
                0x000000000800522c                spi_enable
 *fill*         0x0000000008005236        0x2 
 .text.spi_set_unidirectional_mode
                0x0000000008005238       0x10 ../../AFW/sources/external/libopencm3/lib/libopencm3_stm32f0.a(spi_common_all.o)
                0x0000000008005238                spi_set_unidirectional_mode
 .text.spi_set_full_duplex_mode
                0x0000000008005248       0x10 ../../AFW/sources/external/libopencm3/lib/libopencm3_stm32f0.a(spi_common_all.o)
                0x0000000008005248                spi_set_full_duplex_mode
 .text.spi_enable_software_slave_management
                0x0000000008005258       0x14 ../../AFW/sources/external/libopencm3/lib/libopencm3_stm32f0.a(spi_common_all.o)
                0x0000000008005258                spi_enable_software_slave_management
 .text.spi_set_nss_high
                0x000000000800526c        0xc ../../AFW/sources/external/libopencm3/lib/libopencm3_stm32f0.a(spi_common_all.o)
                0x000000000800526c                spi_set_nss_high
 .text.spi_send_msb_first
                0x0000000008005278        0xa ../../AFW/sources/external/libopencm3/lib/libopencm3_stm32f0.a(spi_common_all.o)
                0x0000000008005278                spi_send_msb_first
 *fill*         0x0000000008005282        0x2 
 .text.spi_set_baudrate_prescaler
                0x0000000008005284       0x18 ../../AFW/sources/external/libopencm3/lib/libopencm3_stm32f0.a(spi_common_all.o)
                0x0000000008005284                spi_set_baudrate_prescaler
 .text.spi_set_master_mode
                0x000000000800529c        0xa ../../AFW/sources/external/libopencm3/lib/libopencm3_stm32f0.a(spi_common_all.o)
                0x000000000800529c                spi_set_master_mode
 .text.spi_set_clock_polarity_1
                0x00000000080052a6        0xa ../../AFW/sources/external/libopencm3/lib/libopencm3_stm32f0.a(spi_common_all.o)
                0x00000000080052a6                spi_set_clock_polarity_1
 .text.spi_set_clock_polarity_0
                0x00000000080052b0        0xa ../../AFW/sources/external/libopencm3/lib/libopencm3_stm32f0.a(spi_common_all.o)
                0x00000000080052b0                spi_set_clock_polarity_0
 .text.spi_set_clock_phase_1
                0x00000000080052ba        0xa ../../AFW/sources/external/libopencm3/lib/libopencm3_stm32f0.a(spi_common_all.o)
                0x00000000080052ba                spi_set_clock_phase_1
 .text.spi_set_clock_phase_0
                0x00000000080052c4        0xa ../../AFW/sources/external/libopencm3/lib/libopencm3_stm32f0.a(spi_common_all.o)
                0x00000000080052c4                spi_set_clock_phase_0
 .text.spi_enable_ss_output
                0x00000000080052ce        0xa ../../AFW/sources/external/libopencm3/lib/libopencm3_stm32f0.a(spi_common_all.o)
                0x00000000080052ce                spi_enable_ss_output
 .text.spi_set_data_size
                0x00000000080052d8       0x18 ../../AFW/sources/external/libopencm3/lib/libopencm3_stm32f0.a(spi_common_v2.o)
                0x00000000080052d8                spi_set_data_size
 .text.spi_fifo_reception_threshold_8bit
                0x00000000080052f0        0xc ../../AFW/sources/external/libopencm3/lib/libopencm3_stm32f0.a(spi_common_v2.o)
                0x00000000080052f0                spi_fifo_reception_threshold_8bit
 .text.usart_set_baudrate
                0x00000000080052fc       0x18 ../../AFW/sources/external/libopencm3/lib/libopencm3_stm32f0.a(usart_common_all.o)
                0x00000000080052fc                usart_set_baudrate
 .text.usart_set_databits
                0x0000000008005314       0x1c ../../AFW/sources/external/libopencm3/lib/libopencm3_stm32f0.a(usart_common_all.o)
                0x0000000008005314                usart_set_databits
 .text.usart_set_stopbits
                0x0000000008005330       0x10 ../../AFW/sources/external/libopencm3/lib/libopencm3_stm32f0.a(usart_common_all.o)
                0x0000000008005330                usart_set_stopbits
 .text.usart_set_parity
                0x0000000008005340       0x10 ../../AFW/sources/external/libopencm3/lib/libopencm3_stm32f0.a(usart_common_all.o)
                0x0000000008005340                usart_set_parity
 .text.usart_set_mode
                0x0000000008005350        0xc ../../AFW/sources/external/libopencm3/lib/libopencm3_stm32f0.a(usart_common_all.o)
                0x0000000008005350                usart_set_mode
 .text.usart_set_flow_control
                0x000000000800535c       0x10 ../../AFW/sources/external/libopencm3/lib/libopencm3_stm32f0.a(usart_common_all.o)
                0x000000000800535c                usart_set_flow_control
 .text.usart_enable
                0x000000000800536c        0xa ../../AFW/sources/external/libopencm3/lib/libopencm3_stm32f0.a(usart_common_all.o)
                0x000000000800536c                usart_enable
 .text.usart_send_blocking
                0x0000000008005376       0x14 ../../AFW/sources/external/libopencm3/lib/libopencm3_stm32f0.a(usart_common_all.o)
                0x0000000008005376                usart_send_blocking
 .text.usart_enable_rx_interrupt
                0x000000000800538a        0xa ../../AFW/sources/external/libopencm3/lib/libopencm3_stm32f0.a(usart_common_all.o)
                0x000000000800538a                usart_enable_rx_interrupt
 .text.usart_send
                0x0000000008005394        0x8 ../../AFW/sources/external/libopencm3/lib/libopencm3_stm32f0.a(usart_common_v2.o)
                0x0000000008005394                usart_send
 .text.usart_recv
                0x000000000800539c        0x8 ../../AFW/sources/external/libopencm3/lib/libopencm3_stm32f0.a(usart_common_v2.o)
                0x000000000800539c                usart_recv
 .text.usart_wait_send_ready
                0x00000000080053a4        0xa ../../AFW/sources/external/libopencm3/lib/libopencm3_stm32f0.a(usart_common_v2.o)
                0x00000000080053a4                usart_wait_send_ready
 .text.blocking_handler
                0x00000000080053ae        0x2 ../../AFW/sources/external/libopencm3/lib/libopencm3_stm32f0.a(vector.o)
                0x00000000080053ae                dma1_channel2_3_dma2_channel1_2_isr
                0x00000000080053ae                tim7_isr
                0x00000000080053ae                dma1_channel4_7_dma2_channel3_5_isr
                0x00000000080053ae                blocking_handler
                0x00000000080053ae                tsc_isr
                0x00000000080053ae                spi1_isr
                0x00000000080053ae                i2c1_isr
                0x00000000080053ae                tim17_isr
                0x00000000080053ae                i2c2_isr
                0x00000000080053ae                tim1_cc_isr
                0x00000000080053ae                tim16_isr
                0x00000000080053ae                pvd_isr
                0x00000000080053ae                rcc_isr
                0x00000000080053ae                flash_isr
                0x00000000080053ae                hard_fault_handler
                0x00000000080053ae                tim14_isr
                0x00000000080053ae                spi2_isr
                0x00000000080053ae                usb_isr
                0x00000000080053ae                tim15_isr
                0x00000000080053ae                tim3_isr
                0x00000000080053ae                adc_comp_isr
                0x00000000080053ae                dma1_channel1_isr
                0x00000000080053ae                tim6_dac_isr
                0x00000000080053ae                tim1_brk_up_trg_com_isr
                0x00000000080053ae                cec_can_isr
                0x00000000080053ae                wwdg_isr
                0x00000000080053ae                tim2_isr
 .text.null_handler
                0x00000000080053b0        0x2 ../../AFW/sources/external/libopencm3/lib/libopencm3_stm32f0.a(vector.o)
                0x00000000080053b0                null_handler
                0x00000000080053b0                sv_call_handler
                0x00000000080053b0                pend_sv_handler
                0x00000000080053b0                nmi_handler
 *fill*         0x00000000080053b2        0x2 
 .text.reset_handler
                0x00000000080053b4       0x88 ../../AFW/sources/external/libopencm3/lib/libopencm3_stm32f0.a(vector.o)
                0x00000000080053b4                reset_handler
 .text.systick_set_clocksource
                0x000000000800543c       0x14 ../../AFW/sources/external/libopencm3/lib/libopencm3_stm32f0.a(systick.o)
                0x000000000800543c                systick_set_clocksource
 .text.systick_set_frequency
                0x0000000008005450       0x28 ../../AFW/sources/external/libopencm3/lib/libopencm3_stm32f0.a(systick.o)
                0x0000000008005450                systick_set_frequency
 .text.systick_interrupt_enable
                0x0000000008005478       0x10 ../../AFW/sources/external/libopencm3/lib/libopencm3_stm32f0.a(systick.o)
                0x0000000008005478                systick_interrupt_enable
 .text.systick_counter_enable
                0x0000000008005488       0x10 ../../AFW/sources/external/libopencm3/lib/libopencm3_stm32f0.a(systick.o)
                0x0000000008005488                systick_counter_enable
 .text.systick_clear
                0x0000000008005498        0xc ../../AFW/sources/external/libopencm3/lib/libopencm3_stm32f0.a(systick.o)
                0x0000000008005498                systick_clear
 .text.nvic_enable_irq
                0x00000000080054a4       0x18 ../../AFW/sources/external/libopencm3/lib/libopencm3_stm32f0.a(nvic.o)
                0x00000000080054a4                nvic_enable_irq
 .text.cm3_assert_failed
                0x00000000080054bc        0x2 ../../AFW/sources/external/libopencm3/lib/libopencm3_stm32f0.a(assert.o)
                0x00000000080054bc                cm3_assert_failed
 .text.memcpy   0x00000000080054be       0x12 /usr/lib/gcc/arm-none-eabi/9.2.0/../../../../arm-none-eabi/lib/thumb/v6-m/nofp/libc_nano.a(lib_a-memcpy-stub.o)
                0x00000000080054be                memcpy
 .text.memset   0x00000000080054d0       0x10 /usr/lib/gcc/arm-none-eabi/9.2.0/../../../../arm-none-eabi/lib/thumb/v6-m/nofp/libc_nano.a(lib_a-memset.o)
                0x00000000080054d0                memset
 .text.validate_structure
                0x00000000080054e0      0x18c /usr/lib/gcc/arm-none-eabi/9.2.0/../../../../arm-none-eabi/lib/thumb/v6-m/nofp/libc_nano.a(lib_a-mktime.o)
 .text.mktime   0x000000000800566c      0x390 /usr/lib/gcc/arm-none-eabi/9.2.0/../../../../arm-none-eabi/lib/thumb/v6-m/nofp/libc_nano.a(lib_a-mktime.o)
                0x000000000800566c                mktime
 .text          0x00000000080059fc        0xe /usr/lib/gcc/arm-none-eabi/9.2.0/../../../../arm-none-eabi/lib/thumb/v6-m/nofp/libc_nano.a(lib_a-strlen.o)
                0x00000000080059fc                strlen
 .text.strncmp  0x0000000008005a0a       0x22 /usr/lib/gcc/arm-none-eabi/9.2.0/../../../../arm-none-eabi/lib/thumb/v6-m/nofp/libc_nano.a(lib_a-strncmp.o)
                0x0000000008005a0a                strncmp
 .text.__tzcalc_limits
                0x0000000008005a2c      0x158 /usr/lib/gcc/arm-none-eabi/9.2.0/../../../../arm-none-eabi/lib/thumb/v6-m/nofp/libc_nano.a(lib_a-tzcalc_limits.o)
                0x0000000008005a2c                __tzcalc_limits
 .text.__tz_lock
                0x0000000008005b84       0x10 /usr/lib/gcc/arm-none-eabi/9.2.0/../../../../arm-none-eabi/lib/thumb/v6-m/nofp/libc_nano.a(lib_a-tzlock.o)
                0x0000000008005b84                __tz_lock
 .text.__tz_unlock
                0x0000000008005b94       0x10 /usr/lib/gcc/arm-none-eabi/9.2.0/../../../../arm-none-eabi/lib/thumb/v6-m/nofp/libc_nano.a(lib_a-tzlock.o)
                0x0000000008005b94                __tz_unlock
 .text._tzset_unlocked
                0x0000000008005ba4       0x10 /usr/lib/gcc/arm-none-eabi/9.2.0/../../../../arm-none-eabi/lib/thumb/v6-m/nofp/libc_nano.a(lib_a-tzset.o)
                0x0000000008005ba4                _tzset_unlocked
 .text._tzset_unlocked_r
                0x0000000008005bb4      0x308 /usr/lib/gcc/arm-none-eabi/9.2.0/../../../../arm-none-eabi/lib/thumb/v6-m/nofp/libc_nano.a(lib_a-tzset_r.o)
                0x0000000008005bb4                _tzset_unlocked_r
 .text.div      0x0000000008005ebc       0x2e /usr/lib/gcc/arm-none-eabi/9.2.0/../../../../arm-none-eabi/lib/thumb/v6-m/nofp/libc_nano.a(lib_a-div.o)
                0x0000000008005ebc                div
 *fill*         0x0000000008005eea        0x2 
 .text._findenv_r
                0x0000000008005eec       0x78 /usr/lib/gcc/arm-none-eabi/9.2.0/../../../../arm-none-eabi/lib/thumb/v6-m/nofp/libc_nano.a(lib_a-getenv_r.o)
                0x0000000008005eec                _findenv_r
 .text._getenv_r
                0x0000000008005f64        0xa /usr/lib/gcc/arm-none-eabi/9.2.0/../../../../arm-none-eabi/lib/thumb/v6-m/nofp/libc_nano.a(lib_a-getenv_r.o)
                0x0000000008005f64                _getenv_r
 *fill*         0x0000000008005f6e        0x2 
 .text.__gettzinfo
                0x0000000008005f70        0x8 /usr/lib/gcc/arm-none-eabi/9.2.0/../../../../arm-none-eabi/lib/thumb/v6-m/nofp/libc_nano.a(lib_a-gettzinfo.o)
                0x0000000008005f70                __gettzinfo
 .text.__retarget_lock_acquire
                0x0000000008005f78        0x2 /usr/lib/gcc/arm-none-eabi/9.2.0/../../../../arm-none-eabi/lib/thumb/v6-m/nofp/libc_nano.a(lib_a-lock.o)
                0x0000000008005f78                __retarget_lock_acquire
 .text.__retarget_lock_acquire_recursive
                0x0000000008005f7a        0x2 /usr/lib/gcc/arm-none-eabi/9.2.0/../../../../arm-none-eabi/lib/thumb/v6-m/nofp/libc_nano.a(lib_a-lock.o)
                0x0000000008005f7a                __retarget_lock_acquire_recursive
 .text.__retarget_lock_release
                0x0000000008005f7c        0x2 /usr/lib/gcc/arm-none-eabi/9.2.0/../../../../arm-none-eabi/lib/thumb/v6-m/nofp/libc_nano.a(lib_a-lock.o)
                0x0000000008005f7c                __retarget_lock_release
 .text.__retarget_lock_release_recursive
                0x0000000008005f7e        0x2 /usr/lib/gcc/arm-none-eabi/9.2.0/../../../../arm-none-eabi/lib/thumb/v6-m/nofp/libc_nano.a(lib_a-lock.o)
                0x0000000008005f7e                __retarget_lock_release_recursive
 .text.free     0x0000000008005f80       0x14 /usr/lib/gcc/arm-none-eabi/9.2.0/../../../../arm-none-eabi/lib/thumb/v6-m/nofp/libc_nano.a(lib_a-malloc.o)
                0x0000000008005f80                free
 .text._free_r  0x0000000008005f94       0x94 /usr/lib/gcc/arm-none-eabi/9.2.0/../../../../arm-none-eabi/lib/thumb/v6-m/nofp/libc_nano.a(lib_a-nano-freer.o)
                0x0000000008005f94                _free_r
 .text._malloc_r
                0x0000000008006028       0xbc /usr/lib/gcc/arm-none-eabi/9.2.0/../../../../arm-none-eabi/lib/thumb/v6-m/nofp/libc_nano.a(lib_a-nano-mallocr.o)
                0x0000000008006028                _malloc_r
 .text._sbrk_r  0x00000000080060e4       0x24 /usr/lib/gcc/arm-none-eabi/9.2.0/../../../../arm-none-eabi/lib/thumb/v6-m/nofp/libc_nano.a(lib_a-sbrkr.o)
                0x00000000080060e4                _sbrk_r
 .text.sscanf   0x0000000008006108       0x50 /usr/lib/gcc/arm-none-eabi/9.2.0/../../../../arm-none-eabi/lib/thumb/v6-m/nofp/libc_nano.a(lib_a-sscanf.o)
                0x0000000008006108                sscanf
                0x0000000008006108                siscanf
 .text.__seofread
                0x0000000008006158        0x4 /usr/lib/gcc/arm-none-eabi/9.2.0/../../../../arm-none-eabi/lib/thumb/v6-m/nofp/libc_nano.a(lib_a-stdio.o)
                0x0000000008006158                __seofread
 .text          0x000000000800615c       0x14 /usr/lib/gcc/arm-none-eabi/9.2.0/../../../../arm-none-eabi/lib/thumb/v6-m/nofp/libc_nano.a(lib_a-strcmp.o)
                0x000000000800615c                strcmp
 .text.strcpy   0x0000000008006170       0x10 /usr/lib/gcc/arm-none-eabi/9.2.0/../../../../arm-none-eabi/lib/thumb/v6-m/nofp/libc_nano.a(lib_a-strcpy.o)
                0x0000000008006170                strcpy
 .text._strtoul_l.isra.0
                0x0000000008006180      0x118 /usr/lib/gcc/arm-none-eabi/9.2.0/../../../../arm-none-eabi/lib/thumb/v6-m/nofp/libc_nano.a(lib_a-strtoul.o)
 .text._strtoul_r
                0x0000000008006298        0x8 /usr/lib/gcc/arm-none-eabi/9.2.0/../../../../arm-none-eabi/lib/thumb/v6-m/nofp/libc_nano.a(lib_a-strtoul.o)
                0x0000000008006298                _strtoul_r
 .text.strtoul  0x00000000080062a0       0x18 /usr/lib/gcc/arm-none-eabi/9.2.0/../../../../arm-none-eabi/lib/thumb/v6-m/nofp/libc_nano.a(lib_a-strtoul.o)
                0x00000000080062a0                strtoul
 .text.__env_lock
                0x00000000080062b8       0x10 /usr/lib/gcc/arm-none-eabi/9.2.0/../../../../arm-none-eabi/lib/thumb/v6-m/nofp/libc_nano.a(lib_a-envlock.o)
                0x00000000080062b8                __env_lock
 .text.__env_unlock
                0x00000000080062c8       0x10 /usr/lib/gcc/arm-none-eabi/9.2.0/../../../../arm-none-eabi/lib/thumb/v6-m/nofp/libc_nano.a(lib_a-envlock.o)
                0x00000000080062c8                __env_unlock
 .text.__malloc_lock
                0x00000000080062d8       0x10 /usr/lib/gcc/arm-none-eabi/9.2.0/../../../../arm-none-eabi/lib/thumb/v6-m/nofp/libc_nano.a(lib_a-mlock.o)
                0x00000000080062d8                __malloc_lock
 .text.__malloc_unlock
                0x00000000080062e8       0x10 /usr/lib/gcc/arm-none-eabi/9.2.0/../../../../arm-none-eabi/lib/thumb/v6-m/nofp/libc_nano.a(lib_a-mlock.o)
                0x00000000080062e8                __malloc_unlock
 .text._sungetc_r
                0x00000000080062f8       0x78 /usr/lib/gcc/arm-none-eabi/9.2.0/../../../../arm-none-eabi/lib/thumb/v6-m/nofp/libc_nano.a(lib_a-nano-svfscanf.o)
                0x00000000080062f8                _sungetc_r
 .text.__ssrefill_r
                0x0000000008006370       0x3e /usr/lib/gcc/arm-none-eabi/9.2.0/../../../../arm-none-eabi/lib/thumb/v6-m/nofp/libc_nano.a(lib_a-nano-svfscanf.o)
                0x0000000008006370                __ssrefill_r
 *fill*         0x00000000080063ae        0x2 
 .text.__ssvfscanf_r
                0x00000000080063b0      0x2f0 /usr/lib/gcc/arm-none-eabi/9.2.0/../../../../arm-none-eabi/lib/thumb/v6-m/nofp/libc_nano.a(lib_a-nano-svfscanf.o)
                0x00000000080063b0                __ssvfscanf_r
                0x00000000080063b0                __ssvfiscanf_r
 .text._scanf_chars
                0x00000000080066a0       0xbc /usr/lib/gcc/arm-none-eabi/9.2.0/../../../../arm-none-eabi/lib/thumb/v6-m/nofp/libc_nano.a(lib_a-nano-vfscanf_i.o)
                0x00000000080066a0                _scanf_chars
 .text._scanf_i
                0x000000000800675c      0x208 /usr/lib/gcc/arm-none-eabi/9.2.0/../../../../arm-none-eabi/lib/thumb/v6-m/nofp/libc_nano.a(lib_a-nano-vfscanf_i.o)
                0x000000000800675c                _scanf_i
 .text.__sccl   0x0000000008006964       0x78 /usr/lib/gcc/arm-none-eabi/9.2.0/../../../../arm-none-eabi/lib/thumb/v6-m/nofp/libc_nano.a(lib_a-sccl.o)
                0x0000000008006964                __sccl
 .text._strtol_l.isra.0
                0x00000000080069dc      0x104 /usr/lib/gcc/arm-none-eabi/9.2.0/../../../../arm-none-eabi/lib/thumb/v6-m/nofp/libc_nano.a(lib_a-strtol.o)
 .text._strtol_r
                0x0000000008006ae0        0x8 /usr/lib/gcc/arm-none-eabi/9.2.0/../../../../arm-none-eabi/lib/thumb/v6-m/nofp/libc_nano.a(lib_a-strtol.o)
                0x0000000008006ae0                _strtol_r
 .text.__submore
                0x0000000008006ae8       0x7c /usr/lib/gcc/arm-none-eabi/9.2.0/../../../../arm-none-eabi/lib/thumb/v6-m/nofp/libc_nano.a(lib_a-ungetc.o)
                0x0000000008006ae8                __submore
 .text.memchr   0x0000000008006b64       0x16 /usr/lib/gcc/arm-none-eabi/9.2.0/../../../../arm-none-eabi/lib/thumb/v6-m/nofp/libc_nano.a(lib_a-memchr-stub.o)
                0x0000000008006b64                memchr
 .text._realloc_r
                0x0000000008006b7a       0x4c /usr/lib/gcc/arm-none-eabi/9.2.0/../../../../arm-none-eabi/lib/thumb/v6-m/nofp/libc_nano.a(lib_a-nano-reallocr.o)
                0x0000000008006b7a                _realloc_r
 .text._malloc_usable_size_r
                0x0000000008006bc6       0x10 /usr/lib/gcc/arm-none-eabi/9.2.0/../../../../arm-none-eabi/lib/thumb/v6-m/nofp/libc_nano.a(lib_a-nano-msizer.o)
                0x0000000008006bc6                _malloc_usable_size_r
 *fill*         0x0000000008006bd6        0x2 
 .text          0x0000000008006bd8       0x14 /usr/lib/gcc/arm-none-eabi/9.2.0/thumb/v6-m/nofp/libgcc.a(_thumb1_case_uqi.o)
                0x0000000008006bd8                __gnu_thumb1_case_uqi
 .text          0x0000000008006bec       0x14 /usr/lib/gcc/arm-none-eabi/9.2.0/thumb/v6-m/nofp/libgcc.a(_thumb1_case_shi.o)
                0x0000000008006bec                __gnu_thumb1_case_shi
 .text          0x0000000008006c00       0x8c /usr/lib/gcc/arm-none-eabi/9.2.0/thumb/v6-m/nofp/libgcc.a(_udivsi3.o)
                0x0000000008006c00                __udivsi3
                0x0000000008006c00                __aeabi_uidiv
                0x0000000008006c78                __aeabi_uidivmod
 .text          0x0000000008006c8c       0xa8 /usr/lib/gcc/arm-none-eabi/9.2.0/thumb/v6-m/nofp/libgcc.a(_divsi3.o)
                0x0000000008006c8c                __aeabi_idiv
                0x0000000008006c8c                __divsi3
                0x0000000008006d20                __aeabi_idivmod
 .text          0x0000000008006d34        0x4 /usr/lib/gcc/arm-none-eabi/9.2.0/thumb/v6-m/nofp/libgcc.a(_dvmd_tls.o)
                0x0000000008006d34                __aeabi_ldiv0
                0x0000000008006d34                __aeabi_idiv0
 .text.__muldi3
                0x0000000008006d38       0x48 /usr/lib/gcc/arm-none-eabi/9.2.0/thumb/v6-m/nofp/libgcc.a(_muldi3.o)
                0x0000000008006d38                __aeabi_lmul
                0x0000000008006d38                __muldi3
 .text.__aeabi_fdiv
                0x0000000008006d80      0x1c4 /usr/lib/gcc/arm-none-eabi/9.2.0/thumb/v6-m/nofp/libgcc.a(divsf3.o)
                0x0000000008006d80                __aeabi_fdiv
 .text.__aeabi_i2f
                0x0000000008006f44       0x84 /usr/lib/gcc/arm-none-eabi/9.2.0/thumb/v6-m/nofp/libgcc.a(floatsisf.o)
                0x0000000008006f44                __aeabi_i2f
 .text          0x0000000008006fc8       0x3c /usr/lib/gcc/arm-none-eabi/9.2.0/thumb/v6-m/nofp/libgcc.a(_clzsi2.o)
                0x0000000008006fc8                __clzsi2
 .text._sbrk    0x0000000008007004       0x1c /usr/lib/gcc/arm-none-eabi/9.2.0/../../../../arm-none-eabi/lib/thumb/v6-m/nofp/libnosys.a(sbrk.o)
                0x0000000008007004                _sbrk
                0x0000000008007020                . = ALIGN (0x4)
 *(.rodata*)
 .rodata.ttn_DevAddr
                0x0000000008007020       0x10 bin/src/main.o
 .rodata.ttn_NwkSkey
                0x0000000008007030       0x10 bin/src/main.o
 .rodata.ttn_AppSkey
                0x0000000008007040       0x10 bin/src/main.o
 .rodata        0x0000000008007050      0x110 bin/src/main.o
 .rodata.uartdi_regs
                0x0000000008007160       0x10 bin/sources/hal/uart.o
 .rodata.uartdi_rcc
                0x0000000008007170       0x10 bin/sources/hal/uart.o
 .rodata.uartdi_irq
                0x0000000008007180        0x4 bin/sources/hal/uart.o
 .rodata        0x0000000008007184       0x43 bin/sources/hal/uart.o
 *fill*         0x00000000080071c7        0x1 
 .rodata        0x00000000080071c8       0x43 bin/sources/hal/exti.o
 *fill*         0x000000000800720b        0x1 
 .rodata.i2cdi_regs
                0x000000000800720c        0x8 bin/sources/hal/i2c.o
 .rodata.i2cdi_rcc
                0x0000000008007214        0x8 bin/sources/hal/i2c.o
 .rodata        0x000000000800721c       0x43 bin/sources/hal/i2c.o
 *fill*         0x000000000800725f        0x1 
 .rodata        0x0000000008007260       0x47 bin/sources/hal/systick.o
 *fill*         0x00000000080072a7        0x1 
 .rodata.spidi_regs
                0x00000000080072a8        0x8 bin/sources/hal/spi.o
 .rodata.spidi_rcc
                0x00000000080072b0        0x8 bin/sources/hal/spi.o
 .rodata        0x00000000080072b8       0x43 bin/sources/hal/spi.o
 *fill*         0x00000000080072fb        0x1 
 .rodata.Nmeai_ScanHelper
                0x00000000080072fc       0xc4 bin/sources/modules/nmea.o
 .rodata        0x00000000080073c0       0x28 bin/sources/modules/nmea.o
 .rodata        0x00000000080073e8       0x47 bin/sources/modules/lora.o
 *fill*         0x000000000800742f        0x1 
 .rodata        0x0000000008007430       0x4f bin/sources/modules/log.o
 *fill*         0x000000000800747f        0x1 
 .rodata.Logi_Printf
                0x0000000008007480       0x84 bin/sources/modules/log.o
 .rodata.AESi_S_Box
                0x0000000008007504      0x100 bin/sources/utils/aes.o
 .rodata.rfmi_lora_region_au
                0x0000000008007604       0x18 bin/sources/drivers/rfm.o
 .rodata.rfmi_lora_region_eu
                0x000000000800761c       0x18 bin/sources/drivers/rfm.o
 .rodata.rfmi_lora_region_us
                0x0000000008007634       0x18 bin/sources/drivers/rfm.o
 .rodata.rfmi_lora_region_as
                0x000000000800764c       0x18 bin/sources/drivers/rfm.o
 .rodata        0x0000000008007664       0x47 bin/sources/drivers/rfm.o
 *fill*         0x00000000080076ab        0x1 
 .rodata        0x00000000080076ac       0x28 bin/sources/drivers/gps.o
 .rodata._ctype_
                0x00000000080076d4      0x101 /usr/lib/gcc/arm-none-eabi/9.2.0/../../../../arm-none-eabi/lib/thumb/v6-m/nofp/libc_nano.a(lib_a-ctype_.o)
                0x00000000080076d4                _ctype_
 *fill*         0x00000000080077d5        0x3 
 .rodata.DAYS_IN_MONTH
                0x00000000080077d8       0x30 /usr/lib/gcc/arm-none-eabi/9.2.0/../../../../arm-none-eabi/lib/thumb/v6-m/nofp/libc_nano.a(lib_a-mktime.o)
 .rodata._DAYS_BEFORE_MONTH
                0x0000000008007808       0x30 /usr/lib/gcc/arm-none-eabi/9.2.0/../../../../arm-none-eabi/lib/thumb/v6-m/nofp/libc_nano.a(lib_a-mktime.o)
 .rodata._tzset_unlocked_r.str1.1
                0x0000000008007838       0x3c /usr/lib/gcc/arm-none-eabi/9.2.0/../../../../arm-none-eabi/lib/thumb/v6-m/nofp/libc_nano.a(lib_a-tzset_r.o)
                                         0x4e (size before relaxing)
 .rodata.str1.1
                0x0000000008007874        0x4 /usr/lib/gcc/arm-none-eabi/9.2.0/../../../../arm-none-eabi/lib/thumb/v6-m/nofp/libc_nano.a(lib_a-tzvars.o)
 .rodata.__month_lengths
                0x0000000008007874       0x60 /usr/lib/gcc/arm-none-eabi/9.2.0/../../../../arm-none-eabi/lib/thumb/v6-m/nofp/libc_nano.a(lib_a-month_lengths.o)
                0x0000000008007874                __month_lengths
 .rodata.__ssvfscanf_r.str1.1
                0x00000000080078d4        0x4 /usr/lib/gcc/arm-none-eabi/9.2.0/../../../../arm-none-eabi/lib/thumb/v6-m/nofp/libc_nano.a(lib_a-nano-svfscanf.o)
 .rodata.str1.1
                0x00000000080078d8        0x9 /usr/lib/gcc/arm-none-eabi/9.2.0/../../../../arm-none-eabi/lib/thumb/v6-m/nofp/libc_nano.a(lib_a-nano-vfscanf_i.o)
 .rodata._scanf_i.str1.1
                0x00000000080078e1       0x12 /usr/lib/gcc/arm-none-eabi/9.2.0/../../../../arm-none-eabi/lib/thumb/v6-m/nofp/libc_nano.a(lib_a-nano-vfscanf_i.o)
 *fill*         0x00000000080078f3        0x1 
 .rodata        0x00000000080078f4        0xc /usr/lib/gcc/arm-none-eabi/9.2.0/../../../../arm-none-eabi/lib/thumb/v6-m/nofp/libc_nano.a(lib_a-nano-vfscanf_i.o)
 .rodata.__sf_fake_stderr
                0x0000000008007900       0x20 /usr/lib/gcc/arm-none-eabi/9.2.0/../../../../arm-none-eabi/lib/thumb/v6-m/nofp/libc_nano.a(lib_a-findfp.o)
                0x0000000008007900                __sf_fake_stderr
 .rodata.__sf_fake_stdin
                0x0000000008007920       0x20 /usr/lib/gcc/arm-none-eabi/9.2.0/../../../../arm-none-eabi/lib/thumb/v6-m/nofp/libc_nano.a(lib_a-findfp.o)
                0x0000000008007920                __sf_fake_stdin
 .rodata.__sf_fake_stdout
                0x0000000008007940       0x20 /usr/lib/gcc/arm-none-eabi/9.2.0/../../../../arm-none-eabi/lib/thumb/v6-m/nofp/libc_nano.a(lib_a-findfp.o)
                0x0000000008007940                __sf_fake_stdout
                0x0000000008007960                . = ALIGN (0x4)

.glue_7         0x0000000008007960        0x0
 .glue_7        0x0000000008007960        0x0 linker stubs

.glue_7t        0x0000000008007960        0x0
 .glue_7t       0x0000000008007960        0x0 linker stubs

.vfp11_veneer   0x0000000008007960        0x0
 .vfp11_veneer  0x0000000008007960        0x0 linker stubs

.v4_bx          0x0000000008007960        0x0
 .v4_bx         0x0000000008007960        0x0 linker stubs

.iplt           0x0000000008007960        0x0
 .iplt          0x0000000008007960        0x0 bin/src/main.o

.rel.dyn        0x0000000008007960        0x0
 .rel.iplt      0x0000000008007960        0x0 bin/src/main.o

.preinit_array  0x0000000008007960        0x0
                0x0000000008007960                . = ALIGN (0x4)
                0x0000000008007960                __preinit_array_start = .
 *(.preinit_array)
                0x0000000008007960                __preinit_array_end = .

.init_array     0x0000000008007960        0x0
                0x0000000008007960                . = ALIGN (0x4)
                0x0000000008007960                __init_array_start = .
 *(SORT_BY_NAME(.init_array.*))
 *(.init_array)
                0x0000000008007960                __init_array_end = .

.fini_array     0x0000000008007960        0x0
                0x0000000008007960                . = ALIGN (0x4)
                0x0000000008007960                __fini_array_start = .
 *(.fini_array)
 *(SORT_BY_NAME(.fini_array.*))
                0x0000000008007960                __fini_array_end = .

.ARM.extab
 *(.ARM.extab*)

.ARM.exidx      0x0000000008007960        0x0
                0x0000000008007960                __exidx_start = .
 *(.ARM.exidx*)
                0x0000000008007960                __exidx_end = .
                0x0000000008007960                . = ALIGN (0x4)
                0x0000000008007960                _etext = .

.data           0x0000000020000000       0xd8 load address 0x0000000008007960
                0x0000000020000000                _data = .
 *(.data*)
 .data.adcdi_vdda_mv
                0x0000000020000000        0x2 bin/sources/hal/adc.o
 .data.logi_level
                0x0000000020000002        0x1 bin/sources/modules/log.o
 *fill*         0x0000000020000003        0x1 
 .data.logi_uart
                0x0000000020000004        0x4 bin/sources/modules/log.o
 .data.rcc_ahb_frequency
                0x0000000020000008        0x4 ../../AFW/sources/external/libopencm3/lib/libopencm3_stm32f0.a(rcc.o)
                0x0000000020000008                rcc_ahb_frequency
 .data.rcc_apb1_frequency
                0x000000002000000c        0x4 ../../AFW/sources/external/libopencm3/lib/libopencm3_stm32f0.a(rcc.o)
                0x000000002000000c                rcc_apb1_frequency
 .data._tzname  0x0000000020000010        0x8 /usr/lib/gcc/arm-none-eabi/9.2.0/../../../../arm-none-eabi/lib/thumb/v6-m/nofp/libc_nano.a(lib_a-tzvars.o)
                0x0000000020000010                _tzname
 .data.tzinfo   0x0000000020000018       0x58 /usr/lib/gcc/arm-none-eabi/9.2.0/../../../../arm-none-eabi/lib/thumb/v6-m/nofp/libc_nano.a(lib_a-gettzinfo.o)
 .data._impure_ptr
                0x0000000020000070        0x4 /usr/lib/gcc/arm-none-eabi/9.2.0/../../../../arm-none-eabi/lib/thumb/v6-m/nofp/libc_nano.a(lib_a-impure.o)
                0x0000000020000070                _impure_ptr
 .data.impure_data
                0x0000000020000074       0x60 /usr/lib/gcc/arm-none-eabi/9.2.0/../../../../arm-none-eabi/lib/thumb/v6-m/nofp/libc_nano.a(lib_a-impure.o)
 .data.environ  0x00000000200000d4        0x4 /usr/lib/gcc/arm-none-eabi/9.2.0/../../../../arm-none-eabi/lib/thumb/v6-m/nofp/libc_nano.a(lib_a-environ.o)
                0x00000000200000d4                environ
                0x00000000200000d8                . = ALIGN (0x4)
                0x00000000200000d8                _edata = .
                0x0000000008007960                _data_loadaddr = LOADADDR (.data)

.igot.plt       0x00000000200000d8        0x0 load address 0x0000000008007a38
 .igot.plt      0x00000000200000d8        0x0 bin/src/main.o

.bss            0x00000000200000d8      0x140 load address 0x0000000008007a38
 *(.bss*)
 .bss.uartdi_rx_cb
                0x00000000200000d8       0x10 bin/sources/hal/uart.o
 .bss.extidi_cb
                0x00000000200000e8        0x4 bin/sources/hal/exti.o
                0x00000000200000e8                extidi_cb
 .bss.systickdi_cb
                0x00000000200000ec        0x4 bin/sources/hal/systick.o
 .bss.rtcdi_alarm_cb
                0x00000000200000f0        0x4 bin/sources/hal/rtc.o
 .bss.rtcdi_wut_persist
                0x00000000200000f4        0x1 bin/sources/hal/rtc.o
 .bss.pos.5343  0x00000000200000f5        0x1 bin/sources/modules/nmea.o
 *fill*         0x00000000200000f6        0x2 
 .bss.buf.5342  0x00000000200000f8       0x52 bin/sources/modules/nmea.o
 *fill*         0x000000002000014a        0x2 
 .bss.lorai_frame_tx_cnt
                0x000000002000014c        0x4 bin/sources/modules/lora.o
 .bss.lorai_DevAddr
                0x0000000020000150        0x4 bin/sources/modules/lora.o
 .bss.lorai_NwkSkey
                0x0000000020000154        0x4 bin/sources/modules/lora.o
 .bss.lorai_AppSkey
                0x0000000020000158        0x4 bin/sources/modules/lora.o
 .bss.lorai_send_cb
                0x000000002000015c        0x4 bin/sources/modules/lora.o
 .bss.timei_elapsed_ms
                0x0000000020000160        0x4 bin/sources/utils/time.o
 .bss.ms5607i_calib
                0x0000000020000164        0xc bin/sources/drivers/ms5607.o
 .bss.rfmi_lora_region
                0x0000000020000170        0x4 bin/sources/drivers/rfm.o
 .bss.gpsi_ringbuf
                0x0000000020000174        0x8 bin/sources/drivers/gps.o
 .bss.gpsi_data_valid
                0x000000002000017c        0x1 bin/sources/drivers/gps.o
 *fill*         0x000000002000017d        0x3 
 .bss.gpsi_info
                0x0000000020000180       0x30 bin/sources/drivers/gps.o
 .bss.prev.5262
                0x00000000200001b0        0x1 bin/sources/drivers/gps.o
 *fill*         0x00000000200001b1        0x3 
 .bss.gpsi_buf.5274
                0x00000000200001b4       0x20 bin/sources/drivers/gps.o
 .bss.__tzname_dst
                0x00000000200001d4        0xb /usr/lib/gcc/arm-none-eabi/9.2.0/../../../../arm-none-eabi/lib/thumb/v6-m/nofp/libc_nano.a(lib_a-tzset_r.o)
 .bss.__tzname_std
                0x00000000200001df        0xb /usr/lib/gcc/arm-none-eabi/9.2.0/../../../../arm-none-eabi/lib/thumb/v6-m/nofp/libc_nano.a(lib_a-tzset_r.o)
 *fill*         0x00000000200001ea        0x2 
 .bss.prev_tzenv
                0x00000000200001ec        0x4 /usr/lib/gcc/arm-none-eabi/9.2.0/../../../../arm-none-eabi/lib/thumb/v6-m/nofp/libc_nano.a(lib_a-tzset_r.o)
 .bss._daylight
                0x00000000200001f0        0x4 /usr/lib/gcc/arm-none-eabi/9.2.0/../../../../arm-none-eabi/lib/thumb/v6-m/nofp/libc_nano.a(lib_a-tzvars.o)
                0x00000000200001f0                _daylight
 .bss._timezone
                0x00000000200001f4        0x4 /usr/lib/gcc/arm-none-eabi/9.2.0/../../../../arm-none-eabi/lib/thumb/v6-m/nofp/libc_nano.a(lib_a-tzvars.o)
                0x00000000200001f4                _timezone
 .bss.__malloc_free_list
                0x00000000200001f8        0x4 /usr/lib/gcc/arm-none-eabi/9.2.0/../../../../arm-none-eabi/lib/thumb/v6-m/nofp/libc_nano.a(lib_a-nano-mallocr.o)
                0x00000000200001f8                __malloc_free_list
 .bss.__malloc_sbrk_start
                0x00000000200001fc        0x4 /usr/lib/gcc/arm-none-eabi/9.2.0/../../../../arm-none-eabi/lib/thumb/v6-m/nofp/libc_nano.a(lib_a-nano-mallocr.o)
                0x00000000200001fc                __malloc_sbrk_start
 .bss.initial_env
                0x0000000020000200        0x4 /usr/lib/gcc/arm-none-eabi/9.2.0/../../../../arm-none-eabi/lib/thumb/v6-m/nofp/libc_nano.a(lib_a-environ.o)
 .bss.heap_end.4144
                0x0000000020000204        0x4 /usr/lib/gcc/arm-none-eabi/9.2.0/../../../../arm-none-eabi/lib/thumb/v6-m/nofp/libnosys.a(sbrk.o)
 *(COMMON)
 COMMON         0x0000000020000208        0x9 /usr/lib/gcc/arm-none-eabi/9.2.0/../../../../arm-none-eabi/lib/thumb/v6-m/nofp/libc_nano.a(lib_a-lock.o)
                0x0000000020000208                __lock___atexit_recursive_mutex
                0x0000000020000209                __lock___arc4random_mutex
                0x000000002000020a                __lock___env_recursive_mutex
                0x000000002000020b                __lock___sinit_recursive_mutex
                0x000000002000020c                __lock___malloc_recursive_mutex
                0x000000002000020d                __lock___at_quick_exit_mutex
                0x000000002000020e                __lock___dd_hash_mutex
                0x000000002000020f                __lock___tz_mutex
                0x0000000020000210                __lock___sfp_recursive_mutex
 *fill*         0x0000000020000211        0x3 
 COMMON         0x0000000020000214        0x4 /usr/lib/gcc/arm-none-eabi/9.2.0/../../../../arm-none-eabi/lib/thumb/v6-m/nofp/libc_nano.a(lib_a-reent.o)
                0x0000000020000214                errno
                0x0000000020000218                . = ALIGN (0x4)
                0x0000000020000218                _ebss = .

/DISCARD/
 *(.eh_frame)
                0x0000000020000218                . = ALIGN (0x4)
                0x0000000020000218                end = .
                0x0000000020002000                PROVIDE (_stack = (ORIGIN (ram) + LENGTH (ram)))
OUTPUT(picoballoon.elf elf32-littlearm)

.comment        0x0000000000000000       0x1d
 .comment       0x0000000000000000       0x1d bin/src/main.o
                                         0x1e (size before relaxing)
 .comment       0x000000000000001d       0x1e bin/sources/hal/io.o
 .comment       0x000000000000001d       0x1e bin/sources/hal/uart.o
 .comment       0x000000000000001d       0x1e bin/sources/hal/exti.o
 .comment       0x000000000000001d       0x1e bin/sources/hal/i2c.o
 .comment       0x000000000000001d       0x1e bin/sources/hal/systick.o
 .comment       0x000000000000001d       0x1e bin/sources/hal/power.o
 .comment       0x000000000000001d       0x1e bin/sources/hal/spi.o
 .comment       0x000000000000001d       0x1e bin/sources/hal/flash.o
 .comment       0x000000000000001d       0x1e bin/sources/hal/rtc.o
 .comment       0x000000000000001d       0x1e bin/sources/hal/adc.o
 .comment       0x000000000000001d       0x1e bin/sources/modules/nmea.o
 .comment       0x000000000000001d       0x1e bin/sources/modules/lora.o
 .comment       0x000000000000001d       0x1e bin/sources/modules/log.o
 .comment       0x000000000000001d       0x1e bin/sources/utils/time.o
 .comment       0x000000000000001d       0x1e bin/sources/utils/aes.o
 .comment       0x000000000000001d       0x1e bin/sources/utils/ringbuf.o
 .comment       0x000000000000001d       0x1e bin/sources/drivers/ms5607.o
 .comment       0x000000000000001d       0x1e bin/sources/drivers/rfm.o
 .comment       0x000000000000001d       0x1e bin/sources/drivers/gps.o
 .comment       0x000000000000001d       0x1e ../../AFW/sources/external/libopencm3/lib/libopencm3_stm32f0.a(adc.o)
 .comment       0x000000000000001d       0x1e ../../AFW/sources/external/libopencm3/lib/libopencm3_stm32f0.a(adc_common_v2.o)
 .comment       0x000000000000001d       0x1e ../../AFW/sources/external/libopencm3/lib/libopencm3_stm32f0.a(exti_common_all.o)
 .comment       0x000000000000001d       0x1e ../../AFW/sources/external/libopencm3/lib/libopencm3_stm32f0.a(flash.o)
 .comment       0x000000000000001d       0x1e ../../AFW/sources/external/libopencm3/lib/libopencm3_stm32f0.a(flash_common_f.o)
 .comment       0x000000000000001d       0x1e ../../AFW/sources/external/libopencm3/lib/libopencm3_stm32f0.a(flash_common_f01.o)
 .comment       0x000000000000001d       0x1e ../../AFW/sources/external/libopencm3/lib/libopencm3_stm32f0.a(gpio_common_all.o)
 .comment       0x000000000000001d       0x1e ../../AFW/sources/external/libopencm3/lib/libopencm3_stm32f0.a(i2c_common_v2.o)
 .comment       0x000000000000001d       0x1e ../../AFW/sources/external/libopencm3/lib/libopencm3_stm32f0.a(pwr_common_v1.o)
 .comment       0x000000000000001d       0x1e ../../AFW/sources/external/libopencm3/lib/libopencm3_stm32f0.a(rcc.o)
 .comment       0x000000000000001d       0x1e ../../AFW/sources/external/libopencm3/lib/libopencm3_stm32f0.a(rcc_common_all.o)
 .comment       0x000000000000001d       0x1e ../../AFW/sources/external/libopencm3/lib/libopencm3_stm32f0.a(rtc_common_l1f024.o)
 .comment       0x000000000000001d       0x1e ../../AFW/sources/external/libopencm3/lib/libopencm3_stm32f0.a(spi_common_all.o)
 .comment       0x000000000000001d       0x1e ../../AFW/sources/external/libopencm3/lib/libopencm3_stm32f0.a(spi_common_v2.o)
 .comment       0x000000000000001d       0x1e ../../AFW/sources/external/libopencm3/lib/libopencm3_stm32f0.a(usart_common_all.o)
 .comment       0x000000000000001d       0x1e ../../AFW/sources/external/libopencm3/lib/libopencm3_stm32f0.a(usart_common_v2.o)
 .comment       0x000000000000001d       0x1e ../../AFW/sources/external/libopencm3/lib/libopencm3_stm32f0.a(vector.o)
 .comment       0x000000000000001d       0x1e ../../AFW/sources/external/libopencm3/lib/libopencm3_stm32f0.a(systick.o)
 .comment       0x000000000000001d       0x1e ../../AFW/sources/external/libopencm3/lib/libopencm3_stm32f0.a(nvic.o)
 .comment       0x000000000000001d       0x1e ../../AFW/sources/external/libopencm3/lib/libopencm3_stm32f0.a(assert.o)

.ARM.attributes
                0x0000000000000000       0x2a
 .ARM.attributes
                0x0000000000000000       0x2c bin/src/main.o
 .ARM.attributes
                0x000000000000002c       0x2c bin/sources/hal/io.o
 .ARM.attributes
                0x0000000000000058       0x2c bin/sources/hal/uart.o
 .ARM.attributes
                0x0000000000000084       0x2c bin/sources/hal/exti.o
 .ARM.attributes
                0x00000000000000b0       0x2c bin/sources/hal/i2c.o
 .ARM.attributes
                0x00000000000000dc       0x2c bin/sources/hal/systick.o
 .ARM.attributes
                0x0000000000000108       0x2c bin/sources/hal/power.o
 .ARM.attributes
                0x0000000000000134       0x2c bin/sources/hal/spi.o
 .ARM.attributes
                0x0000000000000160       0x2c bin/sources/hal/flash.o
 .ARM.attributes
                0x000000000000018c       0x2c bin/sources/hal/rtc.o
 .ARM.attributes
                0x00000000000001b8       0x2c bin/sources/hal/adc.o
 .ARM.attributes
                0x00000000000001e4       0x2c bin/sources/modules/nmea.o
 .ARM.attributes
                0x0000000000000210       0x2c bin/sources/modules/lora.o
 .ARM.attributes
                0x000000000000023c       0x2c bin/sources/modules/log.o
 .ARM.attributes
                0x0000000000000268       0x2c bin/sources/utils/time.o
 .ARM.attributes
                0x0000000000000294       0x2c bin/sources/utils/aes.o
 .ARM.attributes
                0x00000000000002c0       0x2c bin/sources/utils/ringbuf.o
 .ARM.attributes
                0x00000000000002ec       0x2c bin/sources/drivers/ms5607.o
 .ARM.attributes
                0x0000000000000318       0x2c bin/sources/drivers/rfm.o
 .ARM.attributes
                0x0000000000000344       0x2c bin/sources/drivers/gps.o
 .ARM.attributes
                0x0000000000000370       0x2c ../../AFW/sources/external/libopencm3/lib/libopencm3_stm32f0.a(adc.o)
 .ARM.attributes
                0x000000000000039c       0x2c ../../AFW/sources/external/libopencm3/lib/libopencm3_stm32f0.a(adc_common_v2.o)
 .ARM.attributes
                0x00000000000003c8       0x2c ../../AFW/sources/external/libopencm3/lib/libopencm3_stm32f0.a(exti_common_all.o)
 .ARM.attributes
                0x00000000000003f4       0x2c ../../AFW/sources/external/libopencm3/lib/libopencm3_stm32f0.a(flash.o)
 .ARM.attributes
                0x0000000000000420       0x2c ../../AFW/sources/external/libopencm3/lib/libopencm3_stm32f0.a(flash_common_f.o)
 .ARM.attributes
                0x000000000000044c       0x2c ../../AFW/sources/external/libopencm3/lib/libopencm3_stm32f0.a(flash_common_f01.o)
 .ARM.attributes
                0x0000000000000478       0x2c ../../AFW/sources/external/libopencm3/lib/libopencm3_stm32f0.a(gpio_common_all.o)
 .ARM.attributes
                0x00000000000004a4       0x2c ../../AFW/sources/external/libopencm3/lib/libopencm3_stm32f0.a(i2c_common_v2.o)
 .ARM.attributes
                0x00000000000004d0       0x2c ../../AFW/sources/external/libopencm3/lib/libopencm3_stm32f0.a(pwr_common_v1.o)
 .ARM.attributes
                0x00000000000004fc       0x2c ../../AFW/sources/external/libopencm3/lib/libopencm3_stm32f0.a(rcc.o)
 .ARM.attributes
                0x0000000000000528       0x2c ../../AFW/sources/external/libopencm3/lib/libopencm3_stm32f0.a(rcc_common_all.o)
 .ARM.attributes
                0x0000000000000554       0x2c ../../AFW/sources/external/libopencm3/lib/libopencm3_stm32f0.a(rtc_common_l1f024.o)
 .ARM.attributes
                0x0000000000000580       0x2c ../../AFW/sources/external/libopencm3/lib/libopencm3_stm32f0.a(spi_common_all.o)
 .ARM.attributes
                0x00000000000005ac       0x2c ../../AFW/sources/external/libopencm3/lib/libopencm3_stm32f0.a(spi_common_v2.o)
 .ARM.attributes
                0x00000000000005d8       0x2c ../../AFW/sources/external/libopencm3/lib/libopencm3_stm32f0.a(usart_common_all.o)
 .ARM.attributes
                0x0000000000000604       0x2c ../../AFW/sources/external/libopencm3/lib/libopencm3_stm32f0.a(usart_common_v2.o)
 .ARM.attributes
                0x0000000000000630       0x2c ../../AFW/sources/external/libopencm3/lib/libopencm3_stm32f0.a(vector.o)
 .ARM.attributes
                0x000000000000065c       0x2c ../../AFW/sources/external/libopencm3/lib/libopencm3_stm32f0.a(systick.o)
 .ARM.attributes
                0x0000000000000688       0x2c ../../AFW/sources/external/libopencm3/lib/libopencm3_stm32f0.a(nvic.o)
 .ARM.attributes
                0x00000000000006b4       0x2c ../../AFW/sources/external/libopencm3/lib/libopencm3_stm32f0.a(assert.o)
 .ARM.attributes
                0x00000000000006e0       0x2c /usr/lib/gcc/arm-none-eabi/9.2.0/../../../../arm-none-eabi/lib/thumb/v6-m/nofp/libc_nano.a(lib_a-ctype_.o)
 .ARM.attributes
                0x000000000000070c       0x2c /usr/lib/gcc/arm-none-eabi/9.2.0/../../../../arm-none-eabi/lib/thumb/v6-m/nofp/libc_nano.a(lib_a-memcpy-stub.o)
 .ARM.attributes
                0x0000000000000738       0x2c /usr/lib/gcc/arm-none-eabi/9.2.0/../../../../arm-none-eabi/lib/thumb/v6-m/nofp/libc_nano.a(lib_a-memset.o)
 .ARM.attributes
                0x0000000000000764       0x2c /usr/lib/gcc/arm-none-eabi/9.2.0/../../../../arm-none-eabi/lib/thumb/v6-m/nofp/libc_nano.a(lib_a-mktime.o)
 .ARM.attributes
                0x0000000000000790       0x1c /usr/lib/gcc/arm-none-eabi/9.2.0/../../../../arm-none-eabi/lib/thumb/v6-m/nofp/libc_nano.a(lib_a-strlen.o)
 .ARM.attributes
                0x00000000000007ac       0x2c /usr/lib/gcc/arm-none-eabi/9.2.0/../../../../arm-none-eabi/lib/thumb/v6-m/nofp/libc_nano.a(lib_a-strncmp.o)
 .ARM.attributes
                0x00000000000007d8       0x2c /usr/lib/gcc/arm-none-eabi/9.2.0/../../../../arm-none-eabi/lib/thumb/v6-m/nofp/libc_nano.a(lib_a-tzcalc_limits.o)
 .ARM.attributes
                0x0000000000000804       0x2c /usr/lib/gcc/arm-none-eabi/9.2.0/../../../../arm-none-eabi/lib/thumb/v6-m/nofp/libc_nano.a(lib_a-tzlock.o)
 .ARM.attributes
                0x0000000000000830       0x2c /usr/lib/gcc/arm-none-eabi/9.2.0/../../../../arm-none-eabi/lib/thumb/v6-m/nofp/libc_nano.a(lib_a-tzset.o)
 .ARM.attributes
                0x000000000000085c       0x2c /usr/lib/gcc/arm-none-eabi/9.2.0/../../../../arm-none-eabi/lib/thumb/v6-m/nofp/libc_nano.a(lib_a-tzset_r.o)
 .ARM.attributes
                0x0000000000000888       0x2c /usr/lib/gcc/arm-none-eabi/9.2.0/../../../../arm-none-eabi/lib/thumb/v6-m/nofp/libc_nano.a(lib_a-tzvars.o)
 .ARM.attributes
                0x00000000000008b4       0x2c /usr/lib/gcc/arm-none-eabi/9.2.0/../../../../arm-none-eabi/lib/thumb/v6-m/nofp/libc_nano.a(lib_a-div.o)
 .ARM.attributes
                0x00000000000008e0       0x2c /usr/lib/gcc/arm-none-eabi/9.2.0/../../../../arm-none-eabi/lib/thumb/v6-m/nofp/libc_nano.a(lib_a-getenv_r.o)
 .ARM.attributes
                0x000000000000090c       0x2c /usr/lib/gcc/arm-none-eabi/9.2.0/../../../../arm-none-eabi/lib/thumb/v6-m/nofp/libc_nano.a(lib_a-gettzinfo.o)
 .ARM.attributes
                0x0000000000000938       0x2c /usr/lib/gcc/arm-none-eabi/9.2.0/../../../../arm-none-eabi/lib/thumb/v6-m/nofp/libc_nano.a(lib_a-impure.o)
 .ARM.attributes
                0x0000000000000964       0x2c /usr/lib/gcc/arm-none-eabi/9.2.0/../../../../arm-none-eabi/lib/thumb/v6-m/nofp/libc_nano.a(lib_a-lock.o)
 .ARM.attributes
                0x0000000000000990       0x2c /usr/lib/gcc/arm-none-eabi/9.2.0/../../../../arm-none-eabi/lib/thumb/v6-m/nofp/libc_nano.a(lib_a-malloc.o)
 .ARM.attributes
                0x00000000000009bc       0x2c /usr/lib/gcc/arm-none-eabi/9.2.0/../../../../arm-none-eabi/lib/thumb/v6-m/nofp/libc_nano.a(lib_a-month_lengths.o)
 .ARM.attributes
                0x00000000000009e8       0x2c /usr/lib/gcc/arm-none-eabi/9.2.0/../../../../arm-none-eabi/lib/thumb/v6-m/nofp/libc_nano.a(lib_a-nano-freer.o)
 .ARM.attributes
                0x0000000000000a14       0x2c /usr/lib/gcc/arm-none-eabi/9.2.0/../../../../arm-none-eabi/lib/thumb/v6-m/nofp/libc_nano.a(lib_a-nano-mallocr.o)
 .ARM.attributes
                0x0000000000000a40       0x2c /usr/lib/gcc/arm-none-eabi/9.2.0/../../../../arm-none-eabi/lib/thumb/v6-m/nofp/libc_nano.a(lib_a-sbrkr.o)
 .ARM.attributes
                0x0000000000000a6c       0x2c /usr/lib/gcc/arm-none-eabi/9.2.0/../../../../arm-none-eabi/lib/thumb/v6-m/nofp/libc_nano.a(lib_a-sscanf.o)
 .ARM.attributes
                0x0000000000000a98       0x2c /usr/lib/gcc/arm-none-eabi/9.2.0/../../../../arm-none-eabi/lib/thumb/v6-m/nofp/libc_nano.a(lib_a-stdio.o)
 .ARM.attributes
                0x0000000000000ac4       0x1c /usr/lib/gcc/arm-none-eabi/9.2.0/../../../../arm-none-eabi/lib/thumb/v6-m/nofp/libc_nano.a(lib_a-strcmp.o)
 .ARM.attributes
                0x0000000000000ae0       0x2c /usr/lib/gcc/arm-none-eabi/9.2.0/../../../../arm-none-eabi/lib/thumb/v6-m/nofp/libc_nano.a(lib_a-strcpy.o)
 .ARM.attributes
                0x0000000000000b0c       0x2c /usr/lib/gcc/arm-none-eabi/9.2.0/../../../../arm-none-eabi/lib/thumb/v6-m/nofp/libc_nano.a(lib_a-strtoul.o)
 .ARM.attributes
                0x0000000000000b38       0x2c /usr/lib/gcc/arm-none-eabi/9.2.0/../../../../arm-none-eabi/lib/thumb/v6-m/nofp/libc_nano.a(lib_a-environ.o)
 .ARM.attributes
                0x0000000000000b64       0x2c /usr/lib/gcc/arm-none-eabi/9.2.0/../../../../arm-none-eabi/lib/thumb/v6-m/nofp/libc_nano.a(lib_a-envlock.o)
 .ARM.attributes
                0x0000000000000b90       0x2c /usr/lib/gcc/arm-none-eabi/9.2.0/../../../../arm-none-eabi/lib/thumb/v6-m/nofp/libc_nano.a(lib_a-mlock.o)
 .ARM.attributes
                0x0000000000000bbc       0x2c /usr/lib/gcc/arm-none-eabi/9.2.0/../../../../arm-none-eabi/lib/thumb/v6-m/nofp/libc_nano.a(lib_a-nano-svfscanf.o)
 .ARM.attributes
                0x0000000000000be8       0x2c /usr/lib/gcc/arm-none-eabi/9.2.0/../../../../arm-none-eabi/lib/thumb/v6-m/nofp/libc_nano.a(lib_a-nano-vfscanf_i.o)
 .ARM.attributes
                0x0000000000000c14       0x2c /usr/lib/gcc/arm-none-eabi/9.2.0/../../../../arm-none-eabi/lib/thumb/v6-m/nofp/libc_nano.a(lib_a-reent.o)
 .ARM.attributes
                0x0000000000000c40       0x2c /usr/lib/gcc/arm-none-eabi/9.2.0/../../../../arm-none-eabi/lib/thumb/v6-m/nofp/libc_nano.a(lib_a-sccl.o)
 .ARM.attributes
                0x0000000000000c6c       0x2c /usr/lib/gcc/arm-none-eabi/9.2.0/../../../../arm-none-eabi/lib/thumb/v6-m/nofp/libc_nano.a(lib_a-strtol.o)
 .ARM.attributes
                0x0000000000000c98       0x2c /usr/lib/gcc/arm-none-eabi/9.2.0/../../../../arm-none-eabi/lib/thumb/v6-m/nofp/libc_nano.a(lib_a-ungetc.o)
 .ARM.attributes
                0x0000000000000cc4       0x2c /usr/lib/gcc/arm-none-eabi/9.2.0/../../../../arm-none-eabi/lib/thumb/v6-m/nofp/libc_nano.a(lib_a-findfp.o)
 .ARM.attributes
                0x0000000000000cf0       0x2c /usr/lib/gcc/arm-none-eabi/9.2.0/../../../../arm-none-eabi/lib/thumb/v6-m/nofp/libc_nano.a(lib_a-memchr-stub.o)
 .ARM.attributes
                0x0000000000000d1c       0x2c /usr/lib/gcc/arm-none-eabi/9.2.0/../../../../arm-none-eabi/lib/thumb/v6-m/nofp/libc_nano.a(lib_a-nano-reallocr.o)
 .ARM.attributes
                0x0000000000000d48       0x2c /usr/lib/gcc/arm-none-eabi/9.2.0/../../../../arm-none-eabi/lib/thumb/v6-m/nofp/libc_nano.a(lib_a-nano-msizer.o)
 .ARM.attributes
                0x0000000000000d74       0x1e /usr/lib/gcc/arm-none-eabi/9.2.0/thumb/v6-m/nofp/libgcc.a(_thumb1_case_uqi.o)
 .ARM.attributes
                0x0000000000000d92       0x1e /usr/lib/gcc/arm-none-eabi/9.2.0/thumb/v6-m/nofp/libgcc.a(_thumb1_case_shi.o)
 .ARM.attributes
                0x0000000000000db0       0x1e /usr/lib/gcc/arm-none-eabi/9.2.0/thumb/v6-m/nofp/libgcc.a(_udivsi3.o)
 .ARM.attributes
                0x0000000000000dce       0x1e /usr/lib/gcc/arm-none-eabi/9.2.0/thumb/v6-m/nofp/libgcc.a(_divsi3.o)
 .ARM.attributes
                0x0000000000000dec       0x1e /usr/lib/gcc/arm-none-eabi/9.2.0/thumb/v6-m/nofp/libgcc.a(_dvmd_tls.o)
 .ARM.attributes
                0x0000000000000e0a       0x2c /usr/lib/gcc/arm-none-eabi/9.2.0/thumb/v6-m/nofp/libgcc.a(_muldi3.o)
 .ARM.attributes
                0x0000000000000e36       0x2c /usr/lib/gcc/arm-none-eabi/9.2.0/thumb/v6-m/nofp/libgcc.a(divsf3.o)
 .ARM.attributes
                0x0000000000000e62       0x2c /usr/lib/gcc/arm-none-eabi/9.2.0/thumb/v6-m/nofp/libgcc.a(floatsisf.o)
 .ARM.attributes
                0x0000000000000e8e       0x1e /usr/lib/gcc/arm-none-eabi/9.2.0/thumb/v6-m/nofp/libgcc.a(_clzsi2.o)
 .ARM.attributes
                0x0000000000000eac       0x2c /usr/lib/gcc/arm-none-eabi/9.2.0/../../../../arm-none-eabi/lib/thumb/v6-m/nofp/libnosys.a(sbrk.o)

.debug_info     0x0000000000000000     0x51c0
 .debug_info    0x0000000000000000      0x5c1 ../../AFW/sources/external/libopencm3/lib/libopencm3_stm32f0.a(adc.o)
 .debug_info    0x00000000000005c1      0x6fa ../../AFW/sources/external/libopencm3/lib/libopencm3_stm32f0.a(adc_common_v2.o)
 .debug_info    0x0000000000000cbb      0x241 ../../AFW/sources/external/libopencm3/lib/libopencm3_stm32f0.a(exti_common_all.o)
 .debug_info    0x0000000000000efc      0x1cf ../../AFW/sources/external/libopencm3/lib/libopencm3_stm32f0.a(flash.o)
 .debug_info    0x00000000000010cb       0xbe ../../AFW/sources/external/libopencm3/lib/libopencm3_stm32f0.a(flash_common_f.o)
 .debug_info    0x0000000000001189      0x205 ../../AFW/sources/external/libopencm3/lib/libopencm3_stm32f0.a(flash_common_f01.o)
 .debug_info    0x000000000000138e      0x266 ../../AFW/sources/external/libopencm3/lib/libopencm3_stm32f0.a(gpio_common_all.o)
 .debug_info    0x00000000000015f4      0xd70 ../../AFW/sources/external/libopencm3/lib/libopencm3_stm32f0.a(i2c_common_v2.o)
 .debug_info    0x0000000000002364      0x1c2 ../../AFW/sources/external/libopencm3/lib/libopencm3_stm32f0.a(pwr_common_v1.o)
 .debug_info    0x0000000000002526      0x85c ../../AFW/sources/external/libopencm3/lib/libopencm3_stm32f0.a(rcc.o)
 .debug_info    0x0000000000002d82      0x569 ../../AFW/sources/external/libopencm3/lib/libopencm3_stm32f0.a(rcc_common_all.o)
 .debug_info    0x00000000000032eb      0x17a ../../AFW/sources/external/libopencm3/lib/libopencm3_stm32f0.a(rtc_common_l1f024.o)
 .debug_info    0x0000000000003465      0x9b2 ../../AFW/sources/external/libopencm3/lib/libopencm3_stm32f0.a(spi_common_all.o)
 .debug_info    0x0000000000003e17      0x284 ../../AFW/sources/external/libopencm3/lib/libopencm3_stm32f0.a(spi_common_v2.o)
 .debug_info    0x000000000000409b      0x518 ../../AFW/sources/external/libopencm3/lib/libopencm3_stm32f0.a(usart_common_all.o)
 .debug_info    0x00000000000045b3      0x3a8 ../../AFW/sources/external/libopencm3/lib/libopencm3_stm32f0.a(usart_common_v2.o)
 .debug_info    0x000000000000495b      0x2dc ../../AFW/sources/external/libopencm3/lib/libopencm3_stm32f0.a(vector.o)
 .debug_info    0x0000000000004c37      0x23c ../../AFW/sources/external/libopencm3/lib/libopencm3_stm32f0.a(systick.o)
 .debug_info    0x0000000000004e73      0x249 ../../AFW/sources/external/libopencm3/lib/libopencm3_stm32f0.a(nvic.o)
 .debug_info    0x00000000000050bc      0x104 ../../AFW/sources/external/libopencm3/lib/libopencm3_stm32f0.a(assert.o)

.debug_abbrev   0x0000000000000000     0x18dd
 .debug_abbrev  0x0000000000000000      0x1cb ../../AFW/sources/external/libopencm3/lib/libopencm3_stm32f0.a(adc.o)
 .debug_abbrev  0x00000000000001cb      0x202 ../../AFW/sources/external/libopencm3/lib/libopencm3_stm32f0.a(adc_common_v2.o)
 .debug_abbrev  0x00000000000003cd      0x102 ../../AFW/sources/external/libopencm3/lib/libopencm3_stm32f0.a(exti_common_all.o)
 .debug_abbrev  0x00000000000004cf       0xa6 ../../AFW/sources/external/libopencm3/lib/libopencm3_stm32f0.a(flash.o)
 .debug_abbrev  0x0000000000000575       0x56 ../../AFW/sources/external/libopencm3/lib/libopencm3_stm32f0.a(flash_common_f.o)
 .debug_abbrev  0x00000000000005cb       0xc8 ../../AFW/sources/external/libopencm3/lib/libopencm3_stm32f0.a(flash_common_f01.o)
 .debug_abbrev  0x0000000000000693      0x116 ../../AFW/sources/external/libopencm3/lib/libopencm3_stm32f0.a(gpio_common_all.o)
 .debug_abbrev  0x00000000000007a9      0x267 ../../AFW/sources/external/libopencm3/lib/libopencm3_stm32f0.a(i2c_common_v2.o)
 .debug_abbrev  0x0000000000000a10       0xa2 ../../AFW/sources/external/libopencm3/lib/libopencm3_stm32f0.a(pwr_common_v1.o)
 .debug_abbrev  0x0000000000000ab2      0x2d5 ../../AFW/sources/external/libopencm3/lib/libopencm3_stm32f0.a(rcc.o)
 .debug_abbrev  0x0000000000000d87      0x14c ../../AFW/sources/external/libopencm3/lib/libopencm3_stm32f0.a(rcc_common_all.o)
 .debug_abbrev  0x0000000000000ed3       0xa0 ../../AFW/sources/external/libopencm3/lib/libopencm3_stm32f0.a(rtc_common_l1f024.o)
 .debug_abbrev  0x0000000000000f73      0x1e6 ../../AFW/sources/external/libopencm3/lib/libopencm3_stm32f0.a(spi_common_all.o)
 .debug_abbrev  0x0000000000001159      0x103 ../../AFW/sources/external/libopencm3/lib/libopencm3_stm32f0.a(spi_common_v2.o)
 .debug_abbrev  0x000000000000125c      0x142 ../../AFW/sources/external/libopencm3/lib/libopencm3_stm32f0.a(usart_common_all.o)
 .debug_abbrev  0x000000000000139e      0x128 ../../AFW/sources/external/libopencm3/lib/libopencm3_stm32f0.a(usart_common_v2.o)
 .debug_abbrev  0x00000000000014c6      0x145 ../../AFW/sources/external/libopencm3/lib/libopencm3_stm32f0.a(vector.o)
 .debug_abbrev  0x000000000000160b      0x15c ../../AFW/sources/external/libopencm3/lib/libopencm3_stm32f0.a(systick.o)
 .debug_abbrev  0x0000000000001767       0xde ../../AFW/sources/external/libopencm3/lib/libopencm3_stm32f0.a(nvic.o)
 .debug_abbrev  0x0000000000001845       0x98 ../../AFW/sources/external/libopencm3/lib/libopencm3_stm32f0.a(assert.o)

.debug_loc      0x0000000000000000     0x1c12
 .debug_loc     0x0000000000000000      0x2d7 ../../AFW/sources/external/libopencm3/lib/libopencm3_stm32f0.a(adc.o)
 .debug_loc     0x00000000000002d7      0x236 ../../AFW/sources/external/libopencm3/lib/libopencm3_stm32f0.a(adc_common_v2.o)